<?xml version="1.0"?>
<link_info>
   <banner>MSP430 Linker PC v4.4.6</banner>
   <copyright>Copyright (c) 2003-2015 Texas Instruments Incorporated</copyright>
   <link_time>0x565e3cf9</link_time>
   <link_errors>0x0</link_errors>
   <output_file>ez430.out</output_file>
   <entry_point>
      <name>_c_int00_noargs</name>
      <address>0xd21c</address>
   </entry_point>
   <input_file_list>
      <input_file id="fl-2">
         <path>.\</path>
         <kind>object</kind>
         <file>acceleration.obj</file>
         <name>acceleration.obj</name>
      </input_file>
      <input_file id="fl-3">
         <path>.\</path>
         <kind>object</kind>
         <file>as.obj</file>
         <name>as.obj</name>
      </input_file>
      <input_file id="fl-4">
         <path>.\</path>
         <kind>object</kind>
         <file>bmp_as.obj</file>
         <name>bmp_as.obj</name>
      </input_file>
      <input_file id="fl-5">
         <path>.\</path>
         <kind>object</kind>
         <file>button.obj</file>
         <name>button.obj</name>
      </input_file>
      <input_file id="fl-6">
         <path>.\</path>
         <kind>object</kind>
         <file>buzzer.obj</file>
         <name>buzzer.obj</name>
      </input_file>
      <input_file id="fl-7">
         <path>.\</path>
         <kind>object</kind>
         <file>clock.obj</file>
         <name>clock.obj</name>
      </input_file>
      <input_file id="fl-8">
         <path>.\</path>
         <kind>object</kind>
         <file>display.obj</file>
         <name>display.obj</name>
      </input_file>
      <input_file id="fl-9">
         <path>.\</path>
         <kind>object</kind>
         <file>main.obj</file>
         <name>main.obj</name>
      </input_file>
      <input_file id="fl-a">
         <path>.\</path>
         <kind>object</kind>
         <file>temperature.obj</file>
         <name>temperature.obj</name>
      </input_file>
      <input_file id="fl-b">
         <path>.\</path>
         <kind>object</kind>
         <file>timer.obj</file>
         <name>timer.obj</name>
      </input_file>
      <input_file id="fl-3b">
         <path>C:\ti\ccsv6\tools\compiler\ti-cgt-msp430_4.4.6\lib\</path>
         <kind>archive</kind>
         <file>rts430x_lc_sd_eabi.lib</file>
         <name>addd.obj</name>
      </input_file>
      <input_file id="fl-3c">
         <path>C:\ti\ccsv6\tools\compiler\ti-cgt-msp430_4.4.6\lib\</path>
         <kind>archive</kind>
         <file>rts430x_lc_sd_eabi.lib</file>
         <name>boot.obj</name>
      </input_file>
      <input_file id="fl-3d">
         <path>C:\ti\ccsv6\tools\compiler\ti-cgt-msp430_4.4.6\lib\</path>
         <kind>archive</kind>
         <file>rts430x_lc_sd_eabi.lib</file>
         <name>boot_special.obj</name>
      </input_file>
      <input_file id="fl-3e">
         <path>C:\ti\ccsv6\tools\compiler\ti-cgt-msp430_4.4.6\lib\</path>
         <kind>archive</kind>
         <file>rts430x_lc_sd_eabi.lib</file>
         <name>copy_decompress_none.obj</name>
      </input_file>
      <input_file id="fl-3f">
         <path>C:\ti\ccsv6\tools\compiler\ti-cgt-msp430_4.4.6\lib\</path>
         <kind>archive</kind>
         <file>rts430x_lc_sd_eabi.lib</file>
         <name>copy_decompress_rle.obj</name>
      </input_file>
      <input_file id="fl-40">
         <path>C:\ti\ccsv6\tools\compiler\ti-cgt-msp430_4.4.6\lib\</path>
         <kind>archive</kind>
         <file>rts430x_lc_sd_eabi.lib</file>
         <name>copy_zero_init.obj</name>
      </input_file>
      <input_file id="fl-41">
         <path>C:\ti\ccsv6\tools\compiler\ti-cgt-msp430_4.4.6\lib\</path>
         <kind>archive</kind>
         <file>rts430x_lc_sd_eabi.lib</file>
         <name>cpy_util.obj</name>
      </input_file>
      <input_file id="fl-42">
         <path>C:\ti\ccsv6\tools\compiler\ti-cgt-msp430_4.4.6\lib\</path>
         <kind>archive</kind>
         <file>rts430x_lc_sd_eabi.lib</file>
         <name>div16s.obj</name>
      </input_file>
      <input_file id="fl-43">
         <path>C:\ti\ccsv6\tools\compiler\ti-cgt-msp430_4.4.6\lib\</path>
         <kind>archive</kind>
         <file>rts430x_lc_sd_eabi.lib</file>
         <name>div16u.obj</name>
      </input_file>
      <input_file id="fl-44">
         <path>C:\ti\ccsv6\tools\compiler\ti-cgt-msp430_4.4.6\lib\</path>
         <kind>archive</kind>
         <file>rts430x_lc_sd_eabi.lib</file>
         <name>div32s.obj</name>
      </input_file>
      <input_file id="fl-45">
         <path>C:\ti\ccsv6\tools\compiler\ti-cgt-msp430_4.4.6\lib\</path>
         <kind>archive</kind>
         <file>rts430x_lc_sd_eabi.lib</file>
         <name>div32u.obj</name>
      </input_file>
      <input_file id="fl-46">
         <path>C:\ti\ccsv6\tools\compiler\ti-cgt-msp430_4.4.6\lib\</path>
         <kind>archive</kind>
         <file>rts430x_lc_sd_eabi.lib</file>
         <name>exit.obj</name>
      </input_file>
      <input_file id="fl-47">
         <path>C:\ti\ccsv6\tools\compiler\ti-cgt-msp430_4.4.6\lib\</path>
         <kind>archive</kind>
         <file>rts430x_lc_sd_eabi.lib</file>
         <name>exit_gvars.obj</name>
      </input_file>
      <input_file id="fl-48">
         <path>C:\ti\ccsv6\tools\compiler\ti-cgt-msp430_4.4.6\lib\</path>
         <kind>archive</kind>
         <file>rts430x_lc_sd_eabi.lib</file>
         <name>fixdu.obj</name>
      </input_file>
      <input_file id="fl-49">
         <path>C:\ti\ccsv6\tools\compiler\ti-cgt-msp430_4.4.6\lib\</path>
         <kind>archive</kind>
         <file>rts430x_lc_sd_eabi.lib</file>
         <name>fixdul.obj</name>
      </input_file>
      <input_file id="fl-4a">
         <path>C:\ti\ccsv6\tools\compiler\ti-cgt-msp430_4.4.6\lib\</path>
         <kind>archive</kind>
         <file>rts430x_lc_sd_eabi.lib</file>
         <name>fltud.obj</name>
      </input_file>
      <input_file id="fl-4b">
         <path>C:\ti\ccsv6\tools\compiler\ti-cgt-msp430_4.4.6\lib\</path>
         <kind>archive</kind>
         <file>rts430x_lc_sd_eabi.lib</file>
         <name>fltuld.obj</name>
      </input_file>
      <input_file id="fl-4c">
         <path>C:\ti\ccsv6\tools\compiler\ti-cgt-msp430_4.4.6\lib\</path>
         <kind>archive</kind>
         <file>rts430x_lc_sd_eabi.lib</file>
         <name>fputs.obj</name>
      </input_file>
      <input_file id="fl-4d">
         <path>C:\ti\ccsv6\tools\compiler\ti-cgt-msp430_4.4.6\lib\</path>
         <kind>archive</kind>
         <file>rts430x_lc_sd_eabi.lib</file>
         <name>frcaddd.obj</name>
      </input_file>
      <input_file id="fl-4e">
         <path>C:\ti\ccsv6\tools\compiler\ti-cgt-msp430_4.4.6\lib\</path>
         <kind>archive</kind>
         <file>rts430x_lc_sd_eabi.lib</file>
         <name>int45.obj</name>
      </input_file>
      <input_file id="fl-4f">
         <path>C:\ti\ccsv6\tools\compiler\ti-cgt-msp430_4.4.6\lib\</path>
         <kind>archive</kind>
         <file>rts430x_lc_sd_eabi.lib</file>
         <name>int46.obj</name>
      </input_file>
      <input_file id="fl-50">
         <path>C:\ti\ccsv6\tools\compiler\ti-cgt-msp430_4.4.6\lib\</path>
         <kind>archive</kind>
         <file>rts430x_lc_sd_eabi.lib</file>
         <name>int47.obj</name>
      </input_file>
      <input_file id="fl-51">
         <path>C:\ti\ccsv6\tools\compiler\ti-cgt-msp430_4.4.6\lib\</path>
         <kind>archive</kind>
         <file>rts430x_lc_sd_eabi.lib</file>
         <name>int49.obj</name>
      </input_file>
      <input_file id="fl-52">
         <path>C:\ti\ccsv6\tools\compiler\ti-cgt-msp430_4.4.6\lib\</path>
         <kind>archive</kind>
         <file>rts430x_lc_sd_eabi.lib</file>
         <name>int50.obj</name>
      </input_file>
      <input_file id="fl-53">
         <path>C:\ti\ccsv6\tools\compiler\ti-cgt-msp430_4.4.6\lib\</path>
         <kind>archive</kind>
         <file>rts430x_lc_sd_eabi.lib</file>
         <name>int51.obj</name>
      </input_file>
      <input_file id="fl-54">
         <path>C:\ti\ccsv6\tools\compiler\ti-cgt-msp430_4.4.6\lib\</path>
         <kind>archive</kind>
         <file>rts430x_lc_sd_eabi.lib</file>
         <name>int52.obj</name>
      </input_file>
      <input_file id="fl-55">
         <path>C:\ti\ccsv6\tools\compiler\ti-cgt-msp430_4.4.6\lib\</path>
         <kind>archive</kind>
         <file>rts430x_lc_sd_eabi.lib</file>
         <name>int53.obj</name>
      </input_file>
      <input_file id="fl-56">
         <path>C:\ti\ccsv6\tools\compiler\ti-cgt-msp430_4.4.6\lib\</path>
         <kind>archive</kind>
         <file>rts430x_lc_sd_eabi.lib</file>
         <name>int57.obj</name>
      </input_file>
      <input_file id="fl-57">
         <path>C:\ti\ccsv6\tools\compiler\ti-cgt-msp430_4.4.6\lib\</path>
         <kind>archive</kind>
         <file>rts430x_lc_sd_eabi.lib</file>
         <name>int58.obj</name>
      </input_file>
      <input_file id="fl-58">
         <path>C:\ti\ccsv6\tools\compiler\ti-cgt-msp430_4.4.6\lib\</path>
         <kind>archive</kind>
         <file>rts430x_lc_sd_eabi.lib</file>
         <name>int59.obj</name>
      </input_file>
      <input_file id="fl-59">
         <path>C:\ti\ccsv6\tools\compiler\ti-cgt-msp430_4.4.6\lib\</path>
         <kind>archive</kind>
         <file>rts430x_lc_sd_eabi.lib</file>
         <name>int60.obj</name>
      </input_file>
      <input_file id="fl-5a">
         <path>C:\ti\ccsv6\tools\compiler\ti-cgt-msp430_4.4.6\lib\</path>
         <kind>archive</kind>
         <file>rts430x_lc_sd_eabi.lib</file>
         <name>int61.obj</name>
      </input_file>
      <input_file id="fl-5b">
         <path>C:\ti\ccsv6\tools\compiler\ti-cgt-msp430_4.4.6\lib\</path>
         <kind>archive</kind>
         <file>rts430x_lc_sd_eabi.lib</file>
         <name>int62.obj</name>
      </input_file>
      <input_file id="fl-5c">
         <path>C:\ti\ccsv6\tools\compiler\ti-cgt-msp430_4.4.6\lib\</path>
         <kind>archive</kind>
         <file>rts430x_lc_sd_eabi.lib</file>
         <name>isr_trap.obj</name>
      </input_file>
      <input_file id="fl-5d">
         <path>C:\ti\ccsv6\tools\compiler\ti-cgt-msp430_4.4.6\lib\</path>
         <kind>archive</kind>
         <file>rts430x_lc_sd_eabi.lib</file>
         <name>lowlev.obj</name>
      </input_file>
      <input_file id="fl-5e">
         <path>C:\ti\ccsv6\tools\compiler\ti-cgt-msp430_4.4.6\lib\</path>
         <kind>archive</kind>
         <file>rts430x_lc_sd_eabi.lib</file>
         <name>lsl32.obj</name>
      </input_file>
      <input_file id="fl-5f">
         <path>C:\ti\ccsv6\tools\compiler\ti-cgt-msp430_4.4.6\lib\</path>
         <kind>archive</kind>
         <file>rts430x_lc_sd_eabi.lib</file>
         <name>lsr32.obj</name>
      </input_file>
      <input_file id="fl-60">
         <path>C:\ti\ccsv6\tools\compiler\ti-cgt-msp430_4.4.6\lib\</path>
         <kind>archive</kind>
         <file>rts430x_lc_sd_eabi.lib</file>
         <name>memchr.obj</name>
      </input_file>
      <input_file id="fl-61">
         <path>C:\ti\ccsv6\tools\compiler\ti-cgt-msp430_4.4.6\lib\</path>
         <kind>archive</kind>
         <file>rts430x_lc_sd_eabi.lib</file>
         <name>memcpy.obj</name>
      </input_file>
      <input_file id="fl-62">
         <path>C:\ti\ccsv6\tools\compiler\ti-cgt-msp430_4.4.6\lib\</path>
         <kind>archive</kind>
         <file>rts430x_lc_sd_eabi.lib</file>
         <name>mpu_init.obj</name>
      </input_file>
      <input_file id="fl-63">
         <path>C:\ti\ccsv6\tools\compiler\ti-cgt-msp430_4.4.6\lib\</path>
         <kind>archive</kind>
         <file>rts430x_lc_sd_eabi.lib</file>
         <name>mpyd.obj</name>
      </input_file>
      <input_file id="fl-64">
         <path>C:\ti\ccsv6\tools\compiler\ti-cgt-msp430_4.4.6\lib\</path>
         <kind>archive</kind>
         <file>rts430x_lc_sd_eabi.lib</file>
         <name>mult16.obj</name>
      </input_file>
      <input_file id="fl-65">
         <path>C:\ti\ccsv6\tools\compiler\ti-cgt-msp430_4.4.6\lib\</path>
         <kind>archive</kind>
         <file>rts430x_lc_sd_eabi.lib</file>
         <name>mult1632_f5hw.obj</name>
      </input_file>
      <input_file id="fl-66">
         <path>C:\ti\ccsv6\tools\compiler\ti-cgt-msp430_4.4.6\lib\</path>
         <kind>archive</kind>
         <file>rts430x_lc_sd_eabi.lib</file>
         <name>mult16_f5hw.obj</name>
      </input_file>
      <input_file id="fl-67">
         <path>C:\ti\ccsv6\tools\compiler\ti-cgt-msp430_4.4.6\lib\</path>
         <kind>archive</kind>
         <file>rts430x_lc_sd_eabi.lib</file>
         <name>mult32.obj</name>
      </input_file>
      <input_file id="fl-68">
         <path>C:\ti\ccsv6\tools\compiler\ti-cgt-msp430_4.4.6\lib\</path>
         <kind>archive</kind>
         <file>rts430x_lc_sd_eabi.lib</file>
         <name>mult3264_f5hw.obj</name>
      </input_file>
      <input_file id="fl-69">
         <path>C:\ti\ccsv6\tools\compiler\ti-cgt-msp430_4.4.6\lib\</path>
         <kind>archive</kind>
         <file>rts430x_lc_sd_eabi.lib</file>
         <name>mult32_f5hw.obj</name>
      </input_file>
      <input_file id="fl-6a">
         <path>C:\ti\ccsv6\tools\compiler\ti-cgt-msp430_4.4.6\lib\</path>
         <kind>archive</kind>
         <file>rts430x_lc_sd_eabi.lib</file>
         <name>mult64_f5hw.obj</name>
      </input_file>
      <input_file id="fl-6b">
         <path>C:\ti\ccsv6\tools\compiler\ti-cgt-msp430_4.4.6\lib\</path>
         <kind>archive</kind>
         <file>rts430x_lc_sd_eabi.lib</file>
         <name>pre_init.obj</name>
      </input_file>
      <input_file id="fl-6c">
         <path>C:\ti\ccsv6\tools\compiler\ti-cgt-msp430_4.4.6\lib\</path>
         <kind>archive</kind>
         <file>rts430x_lc_sd_eabi.lib</file>
         <name>printf.obj</name>
      </input_file>
      <input_file id="fl-6d">
         <path>C:\ti\ccsv6\tools\compiler\ti-cgt-msp430_4.4.6\lib\</path>
         <kind>archive</kind>
         <file>rts430x_lc_sd_eabi.lib</file>
         <name>renormd.obj</name>
      </input_file>
      <input_file id="fl-6e">
         <path>C:\ti\ccsv6\tools\compiler\ti-cgt-msp430_4.4.6\lib\</path>
         <kind>archive</kind>
         <file>rts430x_lc_sd_eabi.lib</file>
         <name>strchr.obj</name>
      </input_file>
      <input_file id="fl-6f">
         <path>C:\ti\ccsv6\tools\compiler\ti-cgt-msp430_4.4.6\lib\</path>
         <kind>archive</kind>
         <file>rts430x_lc_sd_eabi.lib</file>
         <name>strcmp.obj</name>
      </input_file>
      <input_file id="fl-70">
         <path>C:\ti\ccsv6\tools\compiler\ti-cgt-msp430_4.4.6\lib\</path>
         <kind>archive</kind>
         <file>rts430x_lc_sd_eabi.lib</file>
         <name>strlen.obj</name>
      </input_file>
      <input_file id="fl-71">
         <path>C:\ti\ccsv6\tools\compiler\ti-cgt-msp430_4.4.6\lib\</path>
         <kind>archive</kind>
         <file>rts430x_lc_sd_eabi.lib</file>
         <name>strncpy.obj</name>
      </input_file>
      <input_file id="fl-72">
         <path>C:\ti\ccsv6\tools\compiler\ti-cgt-msp430_4.4.6\lib\</path>
         <kind>archive</kind>
         <file>rts430x_lc_sd_eabi.lib</file>
         <name>trgdrv.obj</name>
      </input_file>
      <input_file id="fl-73">
         <path>C:\ti\ccsv6\tools\compiler\ti-cgt-msp430_4.4.6\lib\</path>
         <kind>archive</kind>
         <file>rts430x_lc_sd_eabi.lib</file>
         <name>trgmsg.obj</name>
      </input_file>
      <input_file id="fl-74">
         <path>C:\ti\ccsv6\tools\compiler\ti-cgt-msp430_4.4.6\lib\</path>
         <kind>archive</kind>
         <file>rts430x_lc_sd_eabi.lib</file>
         <name>_io_perm.obj</name>
      </input_file>
      <input_file id="fl-75">
         <path>C:\ti\ccsv6\tools\compiler\ti-cgt-msp430_4.4.6\lib\</path>
         <kind>archive</kind>
         <file>rts430x_lc_sd_eabi.lib</file>
         <name>_lock.obj</name>
      </input_file>
      <input_file id="fl-76">
         <path>C:\ti\ccsv6\tools\compiler\ti-cgt-msp430_4.4.6\lib\</path>
         <kind>archive</kind>
         <file>rts430x_lc_sd_eabi.lib</file>
         <name>_printfi.obj</name>
      </input_file>
      <input_file id="fl-77">
         <path>C:\ti\ccsv6\tools\compiler\ti-cgt-msp430_4.4.6\lib\</path>
         <kind>archive</kind>
         <file>rts430x_lc_sd_eabi.lib</file>
         <name>args_main.obj</name>
      </input_file>
      <input_file id="fl-78">
         <path>C:\ti\ccsv6\tools\compiler\ti-cgt-msp430_4.4.6\lib\</path>
         <kind>archive</kind>
         <file>rts430x_lc_sd_eabi.lib</file>
         <name>asr32.obj</name>
      </input_file>
      <input_file id="fl-79">
         <path>C:\ti\ccsv6\tools\compiler\ti-cgt-msp430_4.4.6\lib\</path>
         <kind>archive</kind>
         <file>rts430x_lc_sd_eabi.lib</file>
         <name>atoi.obj</name>
      </input_file>
      <input_file id="fl-7a">
         <path>C:\ti\ccsv6\tools\compiler\ti-cgt-msp430_4.4.6\lib\</path>
         <kind>archive</kind>
         <file>rts430x_lc_sd_eabi.lib</file>
         <name>autoinit_wdt.obj</name>
      </input_file>
      <input_file id="fl-7b">
         <path>C:\ti\ccsv6\tools\compiler\ti-cgt-msp430_4.4.6\lib\</path>
         <kind>archive</kind>
         <file>rts430x_lc_sd_eabi.lib</file>
         <name>cmpd.obj</name>
      </input_file>
      <input_file id="fl-7c">
         <path>C:\ti\ccsv6\tools\compiler\ti-cgt-msp430_4.4.6\lib\</path>
         <kind>archive</kind>
         <file>rts430x_lc_sd_eabi.lib</file>
         <name>ctype.obj</name>
      </input_file>
      <input_file id="fl-7d">
         <path>C:\ti\ccsv6\tools\compiler\ti-cgt-msp430_4.4.6\lib\</path>
         <kind>archive</kind>
         <file>rts430x_lc_sd_eabi.lib</file>
         <name>defs.obj</name>
      </input_file>
      <input_file id="fl-7e">
         <path>C:\ti\ccsv6\tools\compiler\ti-cgt-msp430_4.4.6\lib\</path>
         <kind>archive</kind>
         <file>rts430x_lc_sd_eabi.lib</file>
         <name>div64u.obj</name>
      </input_file>
      <input_file id="fl-7f">
         <path>C:\ti\ccsv6\tools\compiler\ti-cgt-msp430_4.4.6\lib\</path>
         <kind>archive</kind>
         <file>rts430x_lc_sd_eabi.lib</file>
         <name>divd.obj</name>
      </input_file>
      <input_file id="fl-80">
         <path>C:\ti\ccsv6\tools\compiler\ti-cgt-msp430_4.4.6\lib\</path>
         <kind>archive</kind>
         <file>rts430x_lc_sd_eabi.lib</file>
         <name>fflush.obj</name>
      </input_file>
      <input_file id="fl-81">
         <path>C:\ti\ccsv6\tools\compiler\ti-cgt-msp430_4.4.6\lib\</path>
         <kind>archive</kind>
         <file>rts430x_lc_sd_eabi.lib</file>
         <name>fixdi.obj</name>
      </input_file>
      <input_file id="fl-82">
         <path>C:\ti\ccsv6\tools\compiler\ti-cgt-msp430_4.4.6\lib\</path>
         <kind>archive</kind>
         <file>rts430x_lc_sd_eabi.lib</file>
         <name>fixdli.obj</name>
      </input_file>
      <input_file id="fl-83">
         <path>C:\ti\ccsv6\tools\compiler\ti-cgt-msp430_4.4.6\lib\</path>
         <kind>archive</kind>
         <file>rts430x_lc_sd_eabi.lib</file>
         <name>fltid.obj</name>
      </input_file>
      <input_file id="fl-84">
         <path>C:\ti\ccsv6\tools\compiler\ti-cgt-msp430_4.4.6\lib\</path>
         <kind>archive</kind>
         <file>rts430x_lc_sd_eabi.lib</file>
         <name>fltlid.obj</name>
      </input_file>
      <input_file id="fl-85">
         <path>C:\ti\ccsv6\tools\compiler\ti-cgt-msp430_4.4.6\lib\</path>
         <kind>archive</kind>
         <file>rts430x_lc_sd_eabi.lib</file>
         <name>fputc.obj</name>
      </input_file>
      <input_file id="fl-86">
         <path>C:\ti\ccsv6\tools\compiler\ti-cgt-msp430_4.4.6\lib\</path>
         <kind>archive</kind>
         <file>rts430x_lc_sd_eabi.lib</file>
         <name>frcdivd.obj</name>
      </input_file>
      <input_file id="fl-87">
         <path>C:\ti\ccsv6\tools\compiler\ti-cgt-msp430_4.4.6\lib\</path>
         <kind>archive</kind>
         <file>rts430x_lc_sd_eabi.lib</file>
         <name>frcmpyd.obj</name>
      </input_file>
      <input_file id="fl-88">
         <path>C:\ti\ccsv6\tools\compiler\ti-cgt-msp430_4.4.6\lib\</path>
         <kind>archive</kind>
         <file>rts430x_lc_sd_eabi.lib</file>
         <name>frexp.obj</name>
      </input_file>
      <input_file id="fl-89">
         <path>C:\ti\ccsv6\tools\compiler\ti-cgt-msp430_4.4.6\lib\</path>
         <kind>archive</kind>
         <file>rts430x_lc_sd_eabi.lib</file>
         <name>fseek.obj</name>
      </input_file>
      <input_file id="fl-8a">
         <path>C:\ti\ccsv6\tools\compiler\ti-cgt-msp430_4.4.6\lib\</path>
         <kind>archive</kind>
         <file>rts430x_lc_sd_eabi.lib</file>
         <name>ldexp.obj</name>
      </input_file>
      <input_file id="fl-8b">
         <path>C:\ti\ccsv6\tools\compiler\ti-cgt-msp430_4.4.6\lib\</path>
         <kind>archive</kind>
         <file>rts430x_lc_sd_eabi.lib</file>
         <name>lsl64.obj</name>
      </input_file>
      <input_file id="fl-8c">
         <path>C:\ti\ccsv6\tools\compiler\ti-cgt-msp430_4.4.6\lib\</path>
         <kind>archive</kind>
         <file>rts430x_lc_sd_eabi.lib</file>
         <name>lsr64.obj</name>
      </input_file>
      <input_file id="fl-8d">
         <path>C:\ti\ccsv6\tools\compiler\ti-cgt-msp430_4.4.6\lib\</path>
         <kind>archive</kind>
         <file>rts430x_lc_sd_eabi.lib</file>
         <name>ltoa.obj</name>
      </input_file>
      <input_file id="fl-8e">
         <path>C:\ti\ccsv6\tools\compiler\ti-cgt-msp430_4.4.6\lib\</path>
         <kind>archive</kind>
         <file>rts430x_lc_sd_eabi.lib</file>
         <name>memccpy.obj</name>
      </input_file>
      <input_file id="fl-8f">
         <path>C:\ti\ccsv6\tools\compiler\ti-cgt-msp430_4.4.6\lib\</path>
         <kind>archive</kind>
         <file>rts430x_lc_sd_eabi.lib</file>
         <name>memset.obj</name>
      </input_file>
      <input_file id="fl-90">
         <path>C:\ti\ccsv6\tools\compiler\ti-cgt-msp430_4.4.6\lib\</path>
         <kind>archive</kind>
         <file>rts430x_lc_sd_eabi.lib</file>
         <name>negd.obj</name>
      </input_file>
      <input_file id="fl-91">
         <path>C:\ti\ccsv6\tools\compiler\ti-cgt-msp430_4.4.6\lib\</path>
         <kind>archive</kind>
         <file>rts430x_lc_sd_eabi.lib</file>
         <name>setvbuf.obj</name>
      </input_file>
      <input_file id="fl-92">
         <path>C:\ti\ccsv6\tools\compiler\ti-cgt-msp430_4.4.6\lib\</path>
         <kind>archive</kind>
         <file>rts430x_lc_sd_eabi.lib</file>
         <name>strcpy.obj</name>
      </input_file>
      <input_file id="fl-93">
         <path>C:\ti\ccsv6\tools\compiler\ti-cgt-msp430_4.4.6\lib\</path>
         <kind>archive</kind>
         <file>rts430x_lc_sd_eabi.lib</file>
         <name>subd.obj</name>
      </input_file>
      <input_file id="fl-94">
         <path>C:\ti\ccsv6\tools\compiler\ti-cgt-msp430_4.4.6\lib\</path>
         <kind>archive</kind>
         <file>rts430x_lc_sd_eabi.lib</file>
         <name>toupper.obj</name>
      </input_file>
      <input_file id="fl-95">
         <path>C:\ti\ccsv6\tools\compiler\ti-cgt-msp430_4.4.6\lib\</path>
         <kind>archive</kind>
         <file>rts430x_lc_sd_eabi.lib</file>
         <name>xdclass.obj</name>
      </input_file>
      <input_file id="fl-96">
         <path>C:\ti\ccsv6\tools\compiler\ti-cgt-msp430_4.4.6\lib\</path>
         <kind>archive</kind>
         <file>rts430x_lc_sd_eabi.lib</file>
         <name>xdscale.obj</name>
      </input_file>
      <input_file id="fl-97">
         <path>C:\ti\ccsv6\tools\compiler\ti-cgt-msp430_4.4.6\lib\</path>
         <kind>archive</kind>
         <file>rts430x_lc_sd_eabi.lib</file>
         <name>xdunscal.obj</name>
      </input_file>
      <input_file id="fl-98">
         <path>C:\ti\ccsv6\tools\compiler\ti-cgt-msp430_4.4.6\lib\</path>
         <kind>archive</kind>
         <file>rts430x_lc_sd_eabi.lib</file>
         <name>xferaise.obj</name>
      </input_file>
      <input_file id="fl-99">
         <path>C:\ti\ccsv6\tools\compiler\ti-cgt-msp430_4.4.6\lib\</path>
         <kind>archive</kind>
         <file>rts430x_lc_sd_eabi.lib</file>
         <name>xvalues.obj</name>
      </input_file>
      <input_file id="fl-9a">
         <path>C:\ti\ccsv6\tools\compiler\ti-cgt-msp430_4.4.6\lib\</path>
         <kind>archive</kind>
         <file>rts430x_lc_sd_eabi.lib</file>
         <name>abs.obj</name>
      </input_file>
      <input_file id="fl-9b">
         <path>C:\ti\ccsv6\tools\compiler\ti-cgt-msp430_4.4.6\lib\</path>
         <kind>archive</kind>
         <file>rts430x_lc_sd_eabi.lib</file>
         <name>errno.obj</name>
      </input_file>
      <input_file id="fl-9c">
         <path>C:\ti\ccsv6\tools\compiler\ti-cgt-msp430_4.4.6\lib\</path>
         <kind>archive</kind>
         <file>rts430x_lc_sd_eabi.lib</file>
         <name>feraiseexcept.obj</name>
      </input_file>
      <input_file id="fl-9d">
         <path>C:\ti\ccsv6\tools\compiler\ti-cgt-msp430_4.4.6\lib\</path>
         <kind>archive</kind>
         <file>rts430x_lc_sd_eabi.lib</file>
         <name>fopen.obj</name>
      </input_file>
      <input_file id="fl-9e">
         <path>C:\ti\ccsv6\tools\compiler\ti-cgt-msp430_4.4.6\lib\</path>
         <kind>archive</kind>
         <file>rts430x_lc_sd_eabi.lib</file>
         <name>lsl16.obj</name>
      </input_file>
      <input_file id="fl-9f">
         <path>C:\ti\ccsv6\tools\compiler\ti-cgt-msp430_4.4.6\lib\</path>
         <kind>archive</kind>
         <file>rts430x_lc_sd_eabi.lib</file>
         <name>lsr16.obj</name>
      </input_file>
      <input_file id="fl-a0">
         <path>C:\ti\ccsv6\tools\compiler\ti-cgt-msp430_4.4.6\lib\</path>
         <kind>archive</kind>
         <file>rts430x_lc_sd_eabi.lib</file>
         <name>memory.obj</name>
      </input_file>
      <input_file id="fl-a1">
         <path>C:\ti\ccsv6\tools\compiler\ti-cgt-msp430_4.4.6\lib\</path>
         <kind>archive</kind>
         <file>rts430x_lc_sd_eabi.lib</file>
         <name>raise.obj</name>
      </input_file>
      <input_file id="fl-a2">
         <path>C:\ti\ccsv6\tools\compiler\ti-cgt-msp430_4.4.6\lib\</path>
         <kind>archive</kind>
         <file>rts430x_lc_sd_eabi.lib</file>
         <name>signal.obj</name>
      </input_file>
      <input_file id="fl-a3">
         <path>C:\ti\ccsv6\tools\compiler\ti-cgt-msp430_4.4.6\lib\</path>
         <kind>archive</kind>
         <file>rts430x_lc_sd_eabi.lib</file>
         <name>xdnorm.obj</name>
      </input_file>
      <input_file id="fl-a4">
         <path>C:\ti\ccsv6\tools\compiler\ti-cgt-msp430_4.4.6\lib\</path>
         <kind>archive</kind>
         <file>rts430x_lc_sd_eabi.lib</file>
         <name>fclose.obj</name>
      </input_file>
      <input_file id="fl-a5">
         <path>C:\ti\ccsv6\tools\compiler\ti-cgt-msp430_4.4.6\lib\</path>
         <kind>archive</kind>
         <file>rts430x_lc_sd_eabi.lib</file>
         <name>remove.obj</name>
      </input_file>
   </input_file_list>
   <object_component_list>
      <object_component id="oc-c9">
         <name>.sysmem</name>
         <uninitialized>true</uninitialized>
         <run_address>0x1ebc</run_address>
         <size>0x4</size>
         <input_file_ref idref="fl-a0"/>
      </object_component>
      <object_component id="oc-762">
         <name>.sysmem</name>
         <uninitialized>true</uninitialized>
         <run_address>0x1ebc</run_address>
         <size>0x0</size>
      </object_component>
      <object_component id="oc-c5">
         <name>.stack</name>
         <uninitialized>true</uninitialized>
         <run_address>0x2abc</run_address>
         <size>0x2</size>
         <input_file_ref idref="fl-3c"/>
      </object_component>
      <object_component id="oc-761">
         <name>.stack</name>
         <uninitialized>true</uninitialized>
         <run_address>0x2abc</run_address>
         <size>0x0</size>
      </object_component>
      <object_component id="oc-5f4">
         <name>.text:__TI_frcdivd</name>
         <load_address>0x8000</load_address>
         <run_address>0x8000</run_address>
         <size>0x452</size>
         <input_file_ref idref="fl-86"/>
      </object_component>
      <object_component id="oc-5c8">
         <name>.text:__mspabi_divull</name>
         <load_address>0x8452</load_address>
         <run_address>0x8452</run_address>
         <size>0x39a</size>
         <input_file_ref idref="fl-7e"/>
      </object_component>
      <object_component id="oc-33d">
         <name>.text:__TI_frcmpyd</name>
         <load_address>0x87ec</load_address>
         <run_address>0x87ec</run_address>
         <size>0x2e4</size>
         <input_file_ref idref="fl-87"/>
      </object_component>
      <object_component id="oc-25c">
         <name>.text:__mspabi_addd</name>
         <load_address>0x8ad0</load_address>
         <run_address>0x8ad0</run_address>
         <size>0x2d6</size>
         <input_file_ref idref="fl-3b"/>
      </object_component>
      <object_component id="oc-256">
         <name>.text:__mspabi_mpyd</name>
         <load_address>0x8da6</load_address>
         <run_address>0x8da6</run_address>
         <size>0x280</size>
         <input_file_ref idref="fl-63"/>
      </object_component>
      <object_component id="oc-34a">
         <name>.text:__TI_frcaddd</name>
         <load_address>0x9026</load_address>
         <run_address>0x9026</run_address>
         <size>0x252</size>
         <input_file_ref idref="fl-4d"/>
      </object_component>
      <object_component id="oc-3fe">
         <name>.text:_setfield</name>
         <load_address>0x9278</load_address>
         <run_address>0x9278</run_address>
         <size>0x244</size>
         <input_file_ref idref="fl-76"/>
      </object_component>
      <object_component id="oc-577">
         <name>.text:__mspabi_divd</name>
         <load_address>0x94bc</load_address>
         <run_address>0x94bc</run_address>
         <size>0x220</size>
         <input_file_ref idref="fl-7f"/>
      </object_component>
      <object_component id="oc-456">
         <name>.text:_pproc_fgea</name>
         <load_address>0x96dc</load_address>
         <run_address>0x96dc</run_address>
         <size>0x210</size>
         <input_file_ref idref="fl-76"/>
      </object_component>
      <object_component id="oc-584">
         <name>.text:acvt</name>
         <load_address>0x98ec</load_address>
         <run_address>0x98ec</run_address>
         <size>0x20e</size>
         <input_file_ref idref="fl-76"/>
      </object_component>
      <object_component id="oc-557">
         <name>.text:ecvt</name>
         <load_address>0x9afa</load_address>
         <run_address>0x9afa</run_address>
         <size>0x200</size>
         <input_file_ref idref="fl-76"/>
      </object_component>
      <object_component id="oc-56a">
         <name>.text:fcvt</name>
         <load_address>0x9cfa</load_address>
         <run_address>0x9cfa</run_address>
         <size>0x1da</size>
         <input_file_ref idref="fl-76"/>
      </object_component>
      <object_component id="oc-370">
         <name>.text:__TI_printfi</name>
         <load_address>0x9ed4</load_address>
         <run_address>0x9ed4</run_address>
         <size>0x1d2</size>
         <input_file_ref idref="fl-76"/>
      </object_component>
      <object_component id="oc-f6">
         <name>.text:_isr:TIMER0_A0_ISR</name>
         <load_address>0xa0a6</load_address>
         <run_address>0xa0a6</run_address>
         <size>0x1ca</size>
         <input_file_ref idref="fl-b"/>
      </object_component>
      <object_component id="oc-655">
         <name>.text:_Dscale</name>
         <load_address>0xa270</load_address>
         <run_address>0xa270</run_address>
         <size>0x1a0</size>
         <input_file_ref idref="fl-96"/>
      </object_component>
      <object_component id="oc-4e1">
         <name>.text:_pconv_e</name>
         <load_address>0xa410</load_address>
         <run_address>0xa410</run_address>
         <size>0x19a</size>
         <input_file_ref idref="fl-76"/>
      </object_component>
      <object_component id="oc-170">
         <name>.text:temperature_measurement</name>
         <load_address>0xa5aa</load_address>
         <run_address>0xa5aa</run_address>
         <size>0x184</size>
         <input_file_ref idref="fl-a"/>
      </object_component>
      <object_component id="oc-4e7">
         <name>.text:_pconv_a</name>
         <load_address>0xa72e</load_address>
         <run_address>0xa72e</run_address>
         <size>0x168</size>
         <input_file_ref idref="fl-76"/>
      </object_component>
      <object_component id="oc-4b6">
         <name>.text:_getarg_diouxp</name>
         <load_address>0xa896</load_address>
         <run_address>0xa896</run_address>
         <size>0x164</size>
         <input_file_ref idref="fl-76"/>
      </object_component>
      <object_component id="oc-450">
         <name>.text:_pproc_diouxp</name>
         <load_address>0xa9fa</load_address>
         <run_address>0xa9fa</run_address>
         <size>0x140</size>
         <input_file_ref idref="fl-76"/>
      </object_component>
      <object_component id="oc-16a">
         <name>.text:display_acceleration</name>
         <load_address>0xab3a</load_address>
         <run_address>0xab3a</run_address>
         <size>0x13a</size>
         <input_file_ref idref="fl-2"/>
      </object_component>
      <object_component id="oc-64b">
         <name>.text:_Dnorm</name>
         <load_address>0xac74</load_address>
         <run_address>0xac74</run_address>
         <size>0xfc</size>
         <input_file_ref idref="fl-a3"/>
      </object_component>
      <object_component id="oc-ea">
         <name>.text:_isr:PORT2_ISR</name>
         <load_address>0xad70</load_address>
         <run_address>0xad70</run_address>
         <size>0xf8</size>
         <input_file_ref idref="fl-5"/>
      </object_component>
      <object_component id="oc-4d5">
         <name>.text:_pconv_g</name>
         <load_address>0xae68</load_address>
         <run_address>0xae68</run_address>
         <size>0xf4</size>
         <input_file_ref idref="fl-76"/>
      </object_component>
      <object_component id="oc-3f8">
         <name>.text:_pproc_fwp</name>
         <load_address>0xaf5c</load_address>
         <run_address>0xaf5c</run_address>
         <size>0xf4</size>
         <input_file_ref idref="fl-76"/>
      </object_component>
      <object_component id="oc-177">
         <name>.text:display_chars</name>
         <load_address>0xb050</load_address>
         <run_address>0xb050</run_address>
         <size>0xee</size>
         <input_file_ref idref="fl-8"/>
      </object_component>
      <object_component id="oc-2be">
         <name>.text:fputs</name>
         <load_address>0xb13e</load_address>
         <run_address>0xb13e</run_address>
         <size>0xde</size>
         <input_file_ref idref="fl-4c"/>
      </object_component>
      <object_component id="oc-4ed">
         <name>.text:__mspabi_cmpd</name>
         <load_address>0xb21c</load_address>
         <run_address>0xb21c</run_address>
         <size>0xd8</size>
         <input_file_ref idref="fl-7b"/>
      </object_component>
      <object_component id="oc-d8">
         <name>.text:__TI_decompress_rle_core</name>
         <load_address>0xb2f4</load_address>
         <run_address>0xb2f4</run_address>
         <size>0xd6</size>
         <input_file_ref idref="fl-3f"/>
      </object_component>
      <object_component id="oc-184">
         <name>.text:int_to_array</name>
         <load_address>0xb3ca</load_address>
         <run_address>0xb3ca</run_address>
         <size>0xd4</size>
         <input_file_ref idref="fl-8"/>
      </object_component>
      <object_component id="oc-422">
         <name>.text:setvbuf</name>
         <load_address>0xb49e</load_address>
         <run_address>0xb49e</run_address>
         <size>0xcc</size>
         <input_file_ref idref="fl-91"/>
      </object_component>
      <object_component id="oc-3dc">
         <name>.text:__TI_renormd</name>
         <load_address>0xb56a</load_address>
         <run_address>0xb56a</run_address>
         <size>0xb2</size>
         <input_file_ref idref="fl-6d"/>
      </object_component>
      <object_component id="oc-47f">
         <name>.text:malloc</name>
         <load_address>0xb61c</load_address>
         <run_address>0xb61c</run_address>
         <size>0xac</size>
         <input_file_ref idref="fl-a0"/>
      </object_component>
      <object_component id="oc-f0">
         <name>.text:_isr:TIMER0_A1_5_ISR</name>
         <load_address>0xb6c8</load_address>
         <run_address>0xb6c8</run_address>
         <size>0xaa</size>
         <input_file_ref idref="fl-b"/>
      </object_component>
      <object_component id="oc-15e">
         <name>.text:display_temperature</name>
         <load_address>0xb772</load_address>
         <run_address>0xb772</run_address>
         <size>0xa8</size>
         <input_file_ref idref="fl-a"/>
      </object_component>
      <object_component id="oc-404">
         <name>.text:_pproc_str</name>
         <load_address>0xb81a</load_address>
         <run_address>0xb81a</run_address>
         <size>0xa0</size>
         <input_file_ref idref="fl-76"/>
      </object_component>
      <object_component id="oc-4bc">
         <name>.text:_ltostr</name>
         <load_address>0xb8ba</load_address>
         <run_address>0xb8ba</run_address>
         <size>0x96</size>
         <input_file_ref idref="fl-76"/>
      </object_component>
      <object_component id="oc-5d7">
         <name>.text:__mspabi_fltlid</name>
         <load_address>0xb950</load_address>
         <run_address>0xb950</run_address>
         <size>0x94</size>
         <input_file_ref idref="fl-84"/>
      </object_component>
      <object_component id="oc-55d">
         <name>.text:_ecpy</name>
         <load_address>0xb9e4</load_address>
         <run_address>0xb9e4</run_address>
         <size>0x8e</size>
         <input_file_ref idref="fl-76"/>
      </object_component>
      <object_component id="oc-3eb">
         <name>.text:fputc</name>
         <load_address>0xba72</load_address>
         <run_address>0xba72</run_address>
         <size>0x8c</size>
         <input_file_ref idref="fl-85"/>
      </object_component>
      <object_component id="oc-563">
         <name>.text:_mcpy</name>
         <load_address>0xbafe</load_address>
         <run_address>0xbafe</run_address>
         <size>0x8a</size>
         <input_file_ref idref="fl-76"/>
      </object_component>
      <object_component id="oc-54c">
         <name>.text:_div</name>
         <load_address>0xbb88</load_address>
         <run_address>0xbb88</run_address>
         <size>0x88</size>
         <input_file_ref idref="fl-76"/>
      </object_component>
      <object_component id="oc-530">
         <name>.text:HOSTlseek</name>
         <load_address>0xbc10</load_address>
         <run_address>0xbc10</run_address>
         <size>0x86</size>
         <input_file_ref idref="fl-72"/>
      </object_component>
      <object_component id="oc-604">
         <name>.text:ldexp</name>
         <load_address>0xbc96</load_address>
         <run_address>0xbc96</run_address>
         <size>0x82</size>
         <input_file_ref idref="fl-8a"/>
      </object_component>
      <object_component id="oc-10e">
         <name>.text:_auto_init_hold_wdt</name>
         <load_address>0xbd18</load_address>
         <run_address>0xbd18</run_address>
         <size>0x80</size>
         <input_file_ref idref="fl-7a"/>
      </object_component>
      <object_component id="oc-479">
         <name>.text:free</name>
         <load_address>0xbd98</load_address>
         <run_address>0xbd98</run_address>
         <size>0x80</size>
         <input_file_ref idref="fl-a0"/>
      </object_component>
      <object_component id="oc-5d1">
         <name>.text:ltoa</name>
         <load_address>0xbe18</load_address>
         <run_address>0xbe18</run_address>
         <size>0x7c</size>
         <input_file_ref idref="fl-8d"/>
      </object_component>
      <object_component id="oc-38b">
         <name>.text:__TI_wrt_ok</name>
         <load_address>0xbe94</load_address>
         <run_address>0xbe94</run_address>
         <size>0x7a</size>
         <input_file_ref idref="fl-74"/>
      </object_component>
      <object_component id="oc-268">
         <name>.text:__mspabi_fltuld</name>
         <load_address>0xbf0e</load_address>
         <run_address>0xbf0e</run_address>
         <size>0x76</size>
         <input_file_ref idref="fl-4b"/>
      </object_component>
      <object_component id="oc-21f">
         <name>.text:display_char</name>
         <load_address>0xbf84</load_address>
         <run_address>0xbf84</run_address>
         <size>0x76</size>
         <input_file_ref idref="fl-8"/>
      </object_component>
      <object_component id="oc-4db">
         <name>.text:_pconv_f</name>
         <load_address>0xbffa</load_address>
         <run_address>0xbffa</run_address>
         <size>0x74</size>
         <input_file_ref idref="fl-76"/>
      </object_component>
      <object_component id="oc-5fc">
         <name>.text:_Dunscale</name>
         <load_address>0xc06e</load_address>
         <run_address>0xc06e</run_address>
         <size>0x72</size>
         <input_file_ref idref="fl-97"/>
      </object_component>
      <object_component id="oc-53c">
         <name>.text:HOSTrename</name>
         <load_address>0xc0e0</load_address>
         <run_address>0xc0e0</run_address>
         <size>0x6a</size>
         <input_file_ref idref="fl-72"/>
      </object_component>
      <object_component id="oc-41c">
         <name>.text:fseek</name>
         <load_address>0xc14a</load_address>
         <run_address>0xc14a</run_address>
         <size>0x6a</size>
         <input_file_ref idref="fl-89"/>
      </object_component>
      <object_component id="oc-50c">
         <name>.text:__TI_closefile</name>
         <load_address>0xc1b4</load_address>
         <run_address>0xc1b4</run_address>
         <size>0x68</size>
         <input_file_ref idref="fl-a4"/>
      </object_component>
      <object_component id="oc-26e">
         <name>.text:__mspabi_fixdul</name>
         <load_address>0xc21c</load_address>
         <run_address>0xc21c</run_address>
         <size>0x68</size>
         <input_file_ref idref="fl-49"/>
      </object_component>
      <object_component id="oc-3b8">
         <name>.text:as_read_register</name>
         <load_address>0xc284</load_address>
         <run_address>0xc284</run_address>
         <size>0x68</size>
         <input_file_ref idref="fl-3"/>
      </object_component>
      <object_component id="oc-3c2">
         <name>.text:as_write_register</name>
         <load_address>0xc2ec</load_address>
         <run_address>0xc2ec</run_address>
         <size>0x68</size>
         <input_file_ref idref="fl-3"/>
      </object_component>
      <object_component id="oc-5e9">
         <name>.text:__mspabi_fixdli</name>
         <load_address>0xc354</load_address>
         <run_address>0xc354</run_address>
         <size>0x66</size>
         <input_file_ref idref="fl-82"/>
      </object_component>
      <object_component id="oc-518">
         <name>.text:HOSTopen</name>
         <load_address>0xc3ba</load_address>
         <run_address>0xc3ba</run_address>
         <size>0x62</size>
         <input_file_ref idref="fl-72"/>
      </object_component>
      <object_component id="oc-39d">
         <name>.text:__TI_doflush</name>
         <load_address>0xc41c</load_address>
         <run_address>0xc41c</run_address>
         <size>0x62</size>
         <input_file_ref idref="fl-80"/>
      </object_component>
      <object_component id="oc-52a">
         <name>.text:HOSTwrite</name>
         <load_address>0xc47e</load_address>
         <run_address>0xc47e</run_address>
         <size>0x5e</size>
         <input_file_ref idref="fl-72"/>
      </object_component>
      <object_component id="oc-524">
         <name>.text:HOSTread</name>
         <load_address>0xc4dc</load_address>
         <run_address>0xc4dc</run_address>
         <size>0x5c</size>
         <input_file_ref idref="fl-72"/>
      </object_component>
      <object_component id="oc-23c">
         <name>.text:bmp_as_start</name>
         <load_address>0xc538</load_address>
         <run_address>0xc538</run_address>
         <size>0x58</size>
         <input_file_ref idref="fl-4"/>
      </object_component>
      <object_component id="oc-2ae">
         <name>.text</name>
         <load_address>0xc590</load_address>
         <run_address>0xc590</run_address>
         <size>0x58</size>
         <input_file_ref idref="fl-45"/>
      </object_component>
      <object_component id="oc-164">
         <name>.text:do_acceleration_measurement</name>
         <load_address>0xc5e8</load_address>
         <run_address>0xc5e8</run_address>
         <size>0x56</size>
         <input_file_ref idref="fl-2"/>
      </object_component>
      <object_component id="oc-61e">
         <name>.text:getdevice</name>
         <load_address>0xc63e</load_address>
         <run_address>0xc63e</run_address>
         <size>0x54</size>
         <input_file_ref idref="fl-5d"/>
      </object_component>
      <object_component id="oc-448">
         <name>.text:atoi</name>
         <load_address>0xc692</load_address>
         <run_address>0xc692</run_address>
         <size>0x52</size>
         <input_file_ref idref="fl-79"/>
      </object_component>
      <object_component id="oc-22a">
         <name>.text:bmp_as_get_data</name>
         <load_address>0xc6e4</load_address>
         <run_address>0xc6e4</run_address>
         <size>0x52</size>
         <input_file_ref idref="fl-4"/>
      </object_component>
      <object_component id="oc-4c9">
         <name>.text:_Dclass</name>
         <load_address>0xc736</load_address>
         <run_address>0xc736</run_address>
         <size>0x50</size>
         <input_file_ref idref="fl-95"/>
      </object_component>
      <object_component id="oc-216">
         <name>.text:write_lcd_mem</name>
         <load_address>0xc786</load_address>
         <run_address>0xc786</run_address>
         <size>0x50</size>
         <input_file_ref idref="fl-8"/>
      </object_component>
      <object_component id="oc-245">
         <name>.text:convert_acceleration_value_to_mgrav</name>
         <load_address>0xc7d6</load_address>
         <run_address>0xc7d6</run_address>
         <size>0x4e</size>
         <input_file_ref idref="fl-2"/>
      </object_component>
      <object_component id="oc-593">
         <name>.text:close</name>
         <load_address>0xc824</load_address>
         <run_address>0xc824</run_address>
         <size>0x4a</size>
         <input_file_ref idref="fl-5d"/>
      </object_component>
      <object_component id="oc-570">
         <name>.text:_fcpy</name>
         <load_address>0xc86e</load_address>
         <run_address>0xc86e</run_address>
         <size>0x48</size>
         <input_file_ref idref="fl-76"/>
      </object_component>
      <object_component id="oc-51e">
         <name>.text:HOSTclose</name>
         <load_address>0xc8b6</load_address>
         <run_address>0xc8b6</run_address>
         <size>0x44</size>
         <input_file_ref idref="fl-72"/>
      </object_component>
      <object_component id="oc-3f2">
         <name>.text:_pproc_fflags</name>
         <load_address>0xc8fa</load_address>
         <run_address>0xc8fa</run_address>
         <size>0x44</size>
         <input_file_ref idref="fl-76"/>
      </object_component>
      <object_component id="oc-1c6">
         <name>.text:read_calibration_values</name>
         <load_address>0xc93e</load_address>
         <run_address>0xc93e</run_address>
         <size>0x44</size>
         <input_file_ref idref="fl-9"/>
      </object_component>
      <object_component id="oc-536">
         <name>.text:HOSTunlink</name>
         <load_address>0xc982</load_address>
         <run_address>0xc982</run_address>
         <size>0x42</size>
         <input_file_ref idref="fl-72"/>
      </object_component>
      <object_component id="oc-cc">
         <name>.text:__memcpy_far</name>
         <load_address>0xc9c4</load_address>
         <run_address>0xc9c4</run_address>
         <size>0x40</size>
         <input_file_ref idref="fl-41"/>
      </object_component>
      <object_component id="oc-57e">
         <name>.text:frexp</name>
         <load_address>0xca04</load_address>
         <run_address>0xca04</run_address>
         <size>0x40</size>
         <input_file_ref idref="fl-88"/>
      </object_component>
      <object_component id="oc-28c">
         <name>.text:printf</name>
         <load_address>0xca44</load_address>
         <run_address>0xca44</run_address>
         <size>0x40</size>
         <input_file_ref idref="fl-6c"/>
      </object_component>
      <object_component id="oc-287">
         <name>.text</name>
         <load_address>0xca84</load_address>
         <run_address>0xca84</run_address>
         <size>0x40</size>
         <input_file_ref idref="fl-44"/>
      </object_component>
      <object_component id="oc-83">
         <name>.text:decompress:ZI:__TI_zero_init</name>
         <load_address>0xcac4</load_address>
         <run_address>0xcac4</run_address>
         <size>0x3e</size>
         <input_file_ref idref="fl-40"/>
      </object_component>
      <object_component id="oc-3ce">
         <name>.text:l_asr_const</name>
         <load_address>0xcb02</load_address>
         <run_address>0xcb02</run_address>
         <size>0x3e</size>
         <input_file_ref idref="fl-78"/>
      </object_component>
      <object_component id="oc-353">
         <name>.text:l_lsl_const</name>
         <load_address>0xcb40</load_address>
         <run_address>0xcb40</run_address>
         <size>0x3e</size>
         <input_file_ref idref="fl-5e"/>
      </object_component>
      <object_component id="oc-358">
         <name>.text:l_lsr_const</name>
         <load_address>0xcb7e</load_address>
         <run_address>0xcb7e</run_address>
         <size>0x3e</size>
         <input_file_ref idref="fl-5f"/>
      </object_component>
      <object_component id="oc-128">
         <name>.text:main</name>
         <load_address>0xcbbc</load_address>
         <run_address>0xcbbc</run_address>
         <size>0x3e</size>
         <input_file_ref idref="fl-9"/>
      </object_component>
      <object_component id="oc-65">
         <name>.text:decompress:none:__TI_decompress_none</name>
         <load_address>0xcbfa</load_address>
         <run_address>0xcbfa</run_address>
         <size>0x3c</size>
         <input_file_ref idref="fl-3e"/>
      </object_component>
      <object_component id="oc-632">
         <name>.text:__mspabi_sllll</name>
         <load_address>0xcc36</load_address>
         <run_address>0xcc36</run_address>
         <size>0x3a</size>
         <input_file_ref idref="fl-8b"/>
      </object_component>
      <object_component id="oc-5c2">
         <name>.text:__mspabi_srlll</name>
         <load_address>0xcc70</load_address>
         <run_address>0xcc70</run_address>
         <size>0x3a</size>
         <input_file_ref idref="fl-8c"/>
      </object_component>
      <object_component id="oc-27c">
         <name>.text:Timer0_A4_Delay</name>
         <load_address>0xccaa</load_address>
         <run_address>0xccaa</run_address>
         <size>0x38</size>
         <input_file_ref idref="fl-b"/>
      </object_component>
      <object_component id="oc-505">
         <name>.text:minit</name>
         <load_address>0xcce2</load_address>
         <run_address>0xcce2</run_address>
         <size>0x38</size>
         <input_file_ref idref="fl-a0"/>
      </object_component>
      <object_component id="oc-319">
         <name>.text:as_start</name>
         <load_address>0xcd1a</load_address>
         <run_address>0xcd1a</run_address>
         <size>0x36</size>
         <input_file_ref idref="fl-3"/>
      </object_component>
      <object_component id="oc-610">
         <name>.text:incr_hex</name>
         <load_address>0xcd50</load_address>
         <run_address>0xcd50</run_address>
         <size>0x36</size>
         <input_file_ref idref="fl-76"/>
      </object_component>
      <object_component id="oc-6da">
         <name>.text:signal</name>
         <load_address>0xcd86</load_address>
         <run_address>0xcd86</run_address>
         <size>0x36</size>
         <input_file_ref idref="fl-a2"/>
      </object_component>
      <object_component id="oc-65b">
         <name>.text:_Feraise</name>
         <load_address>0xcdbc</load_address>
         <run_address>0xcdbc</run_address>
         <size>0x32</size>
         <input_file_ref idref="fl-98"/>
      </object_component>
      <object_component id="oc-485">
         <name>.text:__TI_cleanup</name>
         <load_address>0xcdee</load_address>
         <run_address>0xcdee</run_address>
         <size>0x32</size>
         <input_file_ref idref="fl-9d"/>
      </object_component>
      <object_component id="oc-6c3">
         <name>.text:raise</name>
         <load_address>0xce20</load_address>
         <run_address>0xce20</run_address>
         <size>0x32</size>
         <input_file_ref idref="fl-a1"/>
      </object_component>
      <object_component id="oc-69c">
         <name>.text:feraiseexcept</name>
         <load_address>0xce52</load_address>
         <run_address>0xce52</run_address>
         <size>0x30</size>
         <input_file_ref idref="fl-9c"/>
      </object_component>
      <object_component id="oc-5a7">
         <name>.text:__TI_writemsg</name>
         <load_address>0xce82</load_address>
         <run_address>0xce82</run_address>
         <size>0x2e</size>
         <input_file_ref idref="fl-73"/>
      </object_component>
      <object_component id="oc-5dd">
         <name>.text:__mspabi_subd</name>
         <load_address>0xceb0</load_address>
         <run_address>0xceb0</run_address>
         <size>0x2e</size>
         <input_file_ref idref="fl-93"/>
      </object_component>
      <object_component id="oc-1de">
         <name>.text:as_init</name>
         <load_address>0xcede</load_address>
         <run_address>0xcede</run_address>
         <size>0x2e</size>
         <input_file_ref idref="fl-3"/>
      </object_component>
      <object_component id="oc-1d2">
         <name>.text:buttons_init</name>
         <load_address>0xcf0c</load_address>
         <run_address>0xcf0c</run_address>
         <size>0x2e</size>
         <input_file_ref idref="fl-5"/>
      </object_component>
      <object_component id="oc-11a">
         <name>.text:exit</name>
         <load_address>0xcf3a</load_address>
         <run_address>0xcf3a</run_address>
         <size>0x2e</size>
         <input_file_ref idref="fl-46"/>
      </object_component>
      <object_component id="oc-672">
         <name>.text:finddevice</name>
         <load_address>0xcf68</load_address>
         <run_address>0xcf68</run_address>
         <size>0x2e</size>
         <input_file_ref idref="fl-5d"/>
      </object_component>
      <object_component id="oc-1c0">
         <name>.text:Timer0_Init</name>
         <load_address>0xcf96</load_address>
         <run_address>0xcf96</run_address>
         <size>0x2c</size>
         <input_file_ref idref="fl-b"/>
      </object_component>
      <object_component id="oc-5ad">
         <name>.text:__TI_readmsg</name>
         <load_address>0xcfc2</load_address>
         <run_address>0xcfc2</run_address>
         <size>0x2c</size>
         <input_file_ref idref="fl-73"/>
      </object_component>
      <object_component id="oc-66c">
         <name>.text:strncpy</name>
         <load_address>0xcfee</load_address>
         <run_address>0xcfee</run_address>
         <size>0x2c</size>
         <input_file_ref idref="fl-71"/>
      </object_component>
      <object_component id="oc-4cf">
         <name>.text:__mspabi_negd</name>
         <load_address>0xd01a</load_address>
         <run_address>0xd01a</run_address>
         <size>0x2a</size>
         <input_file_ref idref="fl-90"/>
      </object_component>
      <object_component id="oc-1b4">
         <name>.text:lcd_init</name>
         <load_address>0xd044</load_address>
         <run_address>0xd044</run_address>
         <size>0x2a</size>
         <input_file_ref idref="fl-8"/>
      </object_component>
      <object_component id="oc-59a">
         <name>.text:unlink</name>
         <load_address>0xd06e</load_address>
         <run_address>0xd06e</run_address>
         <size>0x2a</size>
         <input_file_ref idref="fl-5d"/>
      </object_component>
      <object_component id="oc-5e3">
         <name>.text:__mspabi_fixdi</name>
         <load_address>0xd098</load_address>
         <run_address>0xd098</run_address>
         <size>0x28</size>
         <input_file_ref idref="fl-81"/>
      </object_component>
      <object_component id="oc-1e4">
         <name>.text:reset_acceleration</name>
         <load_address>0xd0c0</load_address>
         <run_address>0xd0c0</run_address>
         <size>0x28</size>
         <input_file_ref idref="fl-2"/>
      </object_component>
      <object_component id="oc-296">
         <name>.text:buzzer</name>
         <load_address>0xd0e8</load_address>
         <run_address>0xd0e8</run_address>
         <size>0x26</size>
         <input_file_ref idref="fl-6"/>
      </object_component>
      <object_component id="oc-17e">
         <name>.text:clock_tick</name>
         <load_address>0xd10e</load_address>
         <run_address>0xd10e</run_address>
         <size>0x26</size>
         <input_file_ref idref="fl-7"/>
      </object_component>
      <object_component id="oc-471">
         <name>.text:lseek</name>
         <load_address>0xd134</load_address>
         <run_address>0xd134</run_address>
         <size>0x26</size>
         <input_file_ref idref="fl-5d"/>
      </object_component>
      <object_component id="oc-3a3">
         <name>.text:write</name>
         <load_address>0xd15a</load_address>
         <run_address>0xd15a</run_address>
         <size>0x24</size>
         <input_file_ref idref="fl-5d"/>
      </object_component>
      <object_component id="oc-282">
         <name>.text</name>
         <load_address>0xd17e</load_address>
         <run_address>0xd17e</run_address>
         <size>0x22</size>
         <input_file_ref idref="fl-69"/>
      </object_component>
      <object_component id="oc-156">
         <name>.text:display_symbol</name>
         <load_address>0xd1a0</load_address>
         <run_address>0xd1a0</run_address>
         <size>0x20</size>
         <input_file_ref idref="fl-8"/>
      </object_component>
      <object_component id="oc-18f">
         <name>.text:puts</name>
         <load_address>0xd1c0</load_address>
         <run_address>0xd1c0</run_address>
         <size>0x20</size>
         <input_file_ref idref="fl-4c"/>
      </object_component>
      <object_component id="oc-1cc">
         <name>.text:init_flag</name>
         <load_address>0xd1e0</load_address>
         <run_address>0xd1e0</run_address>
         <size>0x1e</size>
         <input_file_ref idref="fl-9"/>
      </object_component>
      <object_component id="oc-60a">
         <name>.text:val_hex</name>
         <load_address>0xd1fe</load_address>
         <run_address>0xd1fe</run_address>
         <size>0x1e</size>
         <input_file_ref idref="fl-76"/>
      </object_component>
      <object_component id="oc-95">
         <name>.text:_isr:_c_int00_noargs</name>
         <load_address>0xd21c</load_address>
         <run_address>0xd21c</run_address>
         <size>0x1c</size>
         <input_file_ref idref="fl-3d"/>
      </object_component>
      <object_component id="oc-fc">
         <name>.text:_isr:ADC12ISR</name>
         <load_address>0xd238</load_address>
         <run_address>0xd238</run_address>
         <size>0x1a</size>
         <input_file_ref idref="fl-a"/>
      </object_component>
      <object_component id="oc-45c">
         <name>.text:memccpy</name>
         <load_address>0xd252</load_address>
         <run_address>0xd252</run_address>
         <size>0x1a</size>
         <input_file_ref idref="fl-8e"/>
      </object_component>
      <object_component id="oc-663">
         <name>.text:strchr</name>
         <load_address>0xd26c</load_address>
         <run_address>0xd26c</run_address>
         <size>0x1a</size>
         <input_file_ref idref="fl-6e"/>
      </object_component>
      <object_component id="oc-6ac">
         <name>.text:strcmp</name>
         <load_address>0xd286</load_address>
         <run_address>0xd286</run_address>
         <size>0x18</size>
         <input_file_ref idref="fl-6f"/>
      </object_component>
      <object_component id="oc-24b">
         <name>.text</name>
         <load_address>0xd29e</load_address>
         <run_address>0xd29e</run_address>
         <size>0x16</size>
         <input_file_ref idref="fl-43"/>
      </object_component>
      <object_component id="oc-335">
         <name>.text</name>
         <load_address>0xd2b4</load_address>
         <run_address>0xd2b4</run_address>
         <size>0x16</size>
         <input_file_ref idref="fl-66"/>
      </object_component>
      <object_component id="oc-397">
         <name>.text:memchr</name>
         <load_address>0xd2ca</load_address>
         <run_address>0xd2ca</run_address>
         <size>0x14</size>
         <input_file_ref idref="fl-60"/>
      </object_component>
      <object_component id="oc-442">
         <name>.text:memset</name>
         <load_address>0xd2de</load_address>
         <run_address>0xd2de</run_address>
         <size>0x14</size>
         <input_file_ref idref="fl-8f"/>
      </object_component>
      <object_component id="oc-262">
         <name>.text:__mspabi_fixdu</name>
         <load_address>0xd2f2</load_address>
         <run_address>0xd2f2</run_address>
         <size>0x12</size>
         <input_file_ref idref="fl-48"/>
      </object_component>
      <object_component id="oc-236">
         <name>.text:is_acceleration_measurement</name>
         <load_address>0xd304</load_address>
         <run_address>0xd304</run_address>
         <size>0x12</size>
         <input_file_ref idref="fl-2"/>
      </object_component>
      <object_component id="oc-2a5">
         <name>.text:memcpy</name>
         <load_address>0xd316</load_address>
         <run_address>0xd316</run_address>
         <size>0x12</size>
         <input_file_ref idref="fl-61"/>
      </object_component>
      <object_component id="oc-1d8">
         <name>.text:reset_clock</name>
         <load_address>0xd328</load_address>
         <run_address>0xd328</run_address>
         <size>0x12</size>
         <input_file_ref idref="fl-7"/>
      </object_component>
      <object_component id="oc-3d7">
         <name>.text:l_asr</name>
         <load_address>0xd33a</load_address>
         <run_address>0xd33a</run_address>
         <size>0x10</size>
         <input_file_ref idref="fl-78"/>
      </object_component>
      <object_component id="oc-328">
         <name>.text:l_lsl</name>
         <load_address>0xd34a</load_address>
         <run_address>0xd34a</run_address>
         <size>0x10</size>
         <input_file_ref idref="fl-5e"/>
      </object_component>
      <object_component id="oc-32d">
         <name>.text:l_lsr</name>
         <load_address>0xd35a</load_address>
         <run_address>0xd35a</run_address>
         <size>0x10</size>
         <input_file_ref idref="fl-5f"/>
      </object_component>
      <object_component id="oc-5b9">
         <name>.text:strcpy</name>
         <load_address>0xd36a</load_address>
         <run_address>0xd36a</run_address>
         <size>0x10</size>
         <input_file_ref idref="fl-92"/>
      </object_component>
      <object_component id="oc-274">
         <name>.text:acceleration_value_is_positive</name>
         <load_address>0xd37a</load_address>
         <run_address>0xd37a</run_address>
         <size>0xe</size>
         <input_file_ref idref="fl-2"/>
      </object_component>
      <object_component id="oc-6b">
         <name>.text:decompress:rle24:__TI_decompress_rle24</name>
         <load_address>0xd388</load_address>
         <run_address>0xd388</run_address>
         <size>0xe</size>
         <input_file_ref idref="fl-3f"/>
      </object_component>
      <object_component id="oc-391">
         <name>.text:strlen</name>
         <load_address>0xd396</load_address>
         <run_address>0xd396</run_address>
         <size>0xe</size>
         <input_file_ref idref="fl-70"/>
      </object_component>
      <object_component id="oc-616">
         <name>.text:__mspabi_fltid</name>
         <load_address>0xd3a4</load_address>
         <run_address>0xd3a4</run_address>
         <size>0xc</size>
         <input_file_ref idref="fl-83"/>
      </object_component>
      <object_component id="oc-4c3">
         <name>.text:toupper</name>
         <load_address>0xd3b0</load_address>
         <run_address>0xd3b0</run_address>
         <size>0xc</size>
         <input_file_ref idref="fl-94"/>
      </object_component>
      <object_component id="oc-63a">
         <name>.text:abs</name>
         <load_address>0xd3bc</load_address>
         <run_address>0xd3bc</run_address>
         <size>0xa</size>
         <input_file_ref idref="fl-9a"/>
      </object_component>
      <object_component id="oc-30e">
         <name>.text:bmp_as_read_register</name>
         <load_address>0xd3c6</load_address>
         <run_address>0xd3c6</run_address>
         <size>0xa</size>
         <input_file_ref idref="fl-4"/>
      </object_component>
      <object_component id="oc-692">
         <name>.text</name>
         <load_address>0xd3d0</load_address>
         <run_address>0xd3d0</run_address>
         <size>0xa</size>
         <input_file_ref idref="fl-9e"/>
      </object_component>
      <object_component id="oc-68d">
         <name>.text</name>
         <load_address>0xd3da</load_address>
         <run_address>0xd3da</run_address>
         <size>0xa</size>
         <input_file_ref idref="fl-9f"/>
      </object_component>
      <object_component id="oc-1ba">
         <name>.text:init_buzzer</name>
         <load_address>0xd3e4</load_address>
         <run_address>0xd3e4</run_address>
         <size>0x8</size>
         <input_file_ref idref="fl-6"/>
      </object_component>
      <object_component id="oc-250">
         <name>.text:__mspabi_fltud</name>
         <load_address>0xd3ec</load_address>
         <run_address>0xd3ec</run_address>
         <size>0x6</size>
         <input_file_ref idref="fl-4a"/>
      </object_component>
      <object_component id="oc-e5">
         <name>.text:_isr:__TI_ISR_TRAP</name>
         <load_address>0xd3f2</load_address>
         <run_address>0xd3f2</run_address>
         <size>0x6</size>
         <input_file_ref idref="fl-5c"/>
      </object_component>
      <object_component id="oc-36a">
         <name>.text:_outc</name>
         <load_address>0xd3f8</load_address>
         <run_address>0xd3f8</run_address>
         <size>0x6</size>
         <input_file_ref idref="fl-6c"/>
      </object_component>
      <object_component id="oc-31f">
         <name>.text:bmp_as_write_register</name>
         <load_address>0xd3fe</load_address>
         <run_address>0xd3fe</run_address>
         <size>0x6</size>
         <input_file_ref idref="fl-4"/>
      </object_component>
      <object_component id="oc-1eb">
         <name>.text:process_requests</name>
         <load_address>0xd404</load_address>
         <run_address>0xd404</run_address>
         <size>0x6</size>
         <input_file_ref idref="fl-9"/>
      </object_component>
      <object_component id="oc-364">
         <name>.text:_outs</name>
         <load_address>0xd40a</load_address>
         <run_address>0xd40a</run_address>
         <size>0x4</size>
         <input_file_ref idref="fl-6c"/>
      </object_component>
      <object_component id="oc-108">
         <name>.text:_system_pre_init</name>
         <load_address>0xd40e</load_address>
         <run_address>0xd40e</run_address>
         <size>0x4</size>
         <input_file_ref idref="fl-6b"/>
      </object_component>
      <object_component id="oc-130">
         <name>.text:abort</name>
         <load_address>0xd412</load_address>
         <run_address>0xd412</run_address>
         <size>0x4</size>
         <input_file_ref idref="fl-46"/>
      </object_component>
      <object_component id="oc-2dc">
         <name>.text:_nop</name>
         <load_address>0xd416</load_address>
         <run_address>0xd416</run_address>
         <size>0x2</size>
         <input_file_ref idref="fl-75"/>
      </object_component>
      <object_component id="oc-75f">
         <name>.cinit..data.load</name>
         <load_address>0xd85c</load_address>
         <run_address>0xd85c</run_address>
         <size>0xd9</size>
      </object_component>
      <object_component id="oc-75c">
         <name>__TI_handler_table</name>
         <load_address>0xd936</load_address>
         <run_address>0xd936</run_address>
         <size>0xc</size>
      </object_component>
      <object_component id="oc-75e">
         <name>.cinit..bss.load</name>
         <load_address>0xd942</load_address>
         <run_address>0xd942</run_address>
         <size>0x6</size>
      </object_component>
      <object_component id="oc-760">
         <name>.cinit..cio.load</name>
         <load_address>0xd948</load_address>
         <run_address>0xd948</run_address>
         <size>0x6</size>
      </object_component>
      <object_component id="oc-75d">
         <name>__TI_cinit_table</name>
         <load_address>0xd94e</load_address>
         <run_address>0xd94e</run_address>
         <size>0x18</size>
      </object_component>
      <object_component id="oc-2ab">
         <name>.const:int_to_array_conversion_table</name>
         <load_address>0xd418</load_address>
         <run_address>0xd418</run_address>
         <size>0x21f</size>
         <input_file_ref idref="fl-8"/>
      </object_component>
      <object_component id="oc-4b1">
         <name>.const:.string:_ctypes_</name>
         <load_address>0xd638</load_address>
         <run_address>0xd638</run_address>
         <size>0x101</size>
         <input_file_ref idref="fl-7c"/>
      </object_component>
      <object_component id="oc-27b">
         <name>.const:.string</name>
         <load_address>0xd73a</load_address>
         <run_address>0xd73a</run_address>
         <size>0x4c</size>
         <input_file_ref idref="fl-a"/>
      </object_component>
      <object_component id="oc-308">
         <name>.const:.string:lcd_font</name>
         <load_address>0xd786</load_address>
         <run_address>0xd786</run_address>
         <size>0x2b</size>
         <input_file_ref idref="fl-8"/>
      </object_component>
      <object_component id="oc-213">
         <name>.const:.string:segments_bitmask</name>
         <load_address>0xd7b2</load_address>
         <run_address>0xd7b2</run_address>
         <size>0x2a</size>
         <input_file_ref idref="fl-8"/>
      </object_component>
      <object_component id="oc-44f">
         <name>.const:.string</name>
         <load_address>0xd7dc</load_address>
         <run_address>0xd7dc</run_address>
         <size>0x26</size>
         <input_file_ref idref="fl-76"/>
      </object_component>
      <object_component id="oc-176">
         <name>.const:.string</name>
         <load_address>0xd802</load_address>
         <run_address>0xd802</run_address>
         <size>0x1e</size>
         <input_file_ref idref="fl-b"/>
      </object_component>
      <object_component id="oc-2f6">
         <name>.const:.string</name>
         <load_address>0xd820</load_address>
         <run_address>0xd820</run_address>
         <size>0x18</size>
         <input_file_ref idref="fl-5"/>
      </object_component>
      <object_component id="oc-332">
         <name>.const:bmp_mgrav_per_bit</name>
         <load_address>0xd838</load_address>
         <run_address>0xd838</run_address>
         <size>0xe</size>
         <input_file_ref idref="fl-2"/>
      </object_component>
      <object_component id="oc-242">
         <name>.const:.string:LCD_Char_Map</name>
         <load_address>0xd846</load_address>
         <run_address>0xd846</run_address>
         <size>0xc</size>
         <input_file_ref idref="fl-2"/>
      </object_component>
      <object_component id="oc-2a4">
         <name>.const:.string</name>
         <load_address>0xd852</load_address>
         <run_address>0xd852</run_address>
         <size>0x8</size>
         <input_file_ref idref="fl-8"/>
      </object_component>
      <object_component id="oc-2c4">
         <name>.const:.string</name>
         <load_address>0xd85a</load_address>
         <run_address>0xd85a</run_address>
         <size>0x2</size>
         <input_file_ref idref="fl-4c"/>
      </object_component>
      <object_component id="oc-629">
         <name>.cio</name>
         <uninitialized>true</uninitialized>
         <run_address>0x1ffc</run_address>
         <size>0x120</size>
         <input_file_ref idref="fl-73"/>
      </object_component>
      <object_component id="oc-71">
         <name>.int45</name>
         <load_address>0xffda</load_address>
         <run_address>0xffda</run_address>
         <size>0x2</size>
         <input_file_ref idref="fl-4e"/>
      </object_component>
      <object_component id="oc-72">
         <name>.int46</name>
         <load_address>0xffdc</load_address>
         <run_address>0xffdc</run_address>
         <size>0x2</size>
         <input_file_ref idref="fl-4f"/>
      </object_component>
      <object_component id="oc-73">
         <name>.int47</name>
         <load_address>0xffde</load_address>
         <run_address>0xffde</run_address>
         <size>0x2</size>
         <input_file_ref idref="fl-50"/>
      </object_component>
      <object_component id="oc-74">
         <name>.int48</name>
         <load_address>0xffe0</load_address>
         <run_address>0xffe0</run_address>
         <size>0x2</size>
         <input_file_ref idref="fl-5"/>
      </object_component>
      <object_component id="oc-75">
         <name>.int49</name>
         <load_address>0xffe2</load_address>
         <run_address>0xffe2</run_address>
         <size>0x2</size>
         <input_file_ref idref="fl-51"/>
      </object_component>
      <object_component id="oc-76">
         <name>.int50</name>
         <load_address>0xffe4</load_address>
         <run_address>0xffe4</run_address>
         <size>0x2</size>
         <input_file_ref idref="fl-52"/>
      </object_component>
      <object_component id="oc-77">
         <name>.int51</name>
         <load_address>0xffe6</load_address>
         <run_address>0xffe6</run_address>
         <size>0x2</size>
         <input_file_ref idref="fl-53"/>
      </object_component>
      <object_component id="oc-78">
         <name>.int52</name>
         <load_address>0xffe8</load_address>
         <run_address>0xffe8</run_address>
         <size>0x2</size>
         <input_file_ref idref="fl-54"/>
      </object_component>
      <object_component id="oc-79">
         <name>.int53</name>
         <load_address>0xffea</load_address>
         <run_address>0xffea</run_address>
         <size>0x2</size>
         <input_file_ref idref="fl-55"/>
      </object_component>
      <object_component id="oc-7a">
         <name>.int54</name>
         <load_address>0xffec</load_address>
         <run_address>0xffec</run_address>
         <size>0x2</size>
         <input_file_ref idref="fl-b"/>
      </object_component>
      <object_component id="oc-7b">
         <name>.int55</name>
         <load_address>0xffee</load_address>
         <run_address>0xffee</run_address>
         <size>0x2</size>
         <input_file_ref idref="fl-b"/>
      </object_component>
      <object_component id="oc-7c">
         <name>.int56</name>
         <load_address>0xfff0</load_address>
         <run_address>0xfff0</run_address>
         <size>0x2</size>
         <input_file_ref idref="fl-a"/>
      </object_component>
      <object_component id="oc-7d">
         <name>.int57</name>
         <load_address>0xfff2</load_address>
         <run_address>0xfff2</run_address>
         <size>0x2</size>
         <input_file_ref idref="fl-56"/>
      </object_component>
      <object_component id="oc-7e">
         <name>.int58</name>
         <load_address>0xfff4</load_address>
         <run_address>0xfff4</run_address>
         <size>0x2</size>
         <input_file_ref idref="fl-57"/>
      </object_component>
      <object_component id="oc-7f">
         <name>.int59</name>
         <load_address>0xfff6</load_address>
         <run_address>0xfff6</run_address>
         <size>0x2</size>
         <input_file_ref idref="fl-58"/>
      </object_component>
      <object_component id="oc-80">
         <name>.int60</name>
         <load_address>0xfff8</load_address>
         <run_address>0xfff8</run_address>
         <size>0x2</size>
         <input_file_ref idref="fl-59"/>
      </object_component>
      <object_component id="oc-81">
         <name>.int61</name>
         <load_address>0xfffa</load_address>
         <run_address>0xfffa</run_address>
         <size>0x2</size>
         <input_file_ref idref="fl-5a"/>
      </object_component>
      <object_component id="oc-82">
         <name>.int62</name>
         <load_address>0xfffc</load_address>
         <run_address>0xfffc</run_address>
         <size>0x2</size>
         <input_file_ref idref="fl-5b"/>
      </object_component>
      <object_component id="oc-c8">
         <name>.reset</name>
         <load_address>0xfffe</load_address>
         <run_address>0xfffe</run_address>
         <size>0x2</size>
         <input_file_ref idref="fl-3c"/>
      </object_component>
      <object_component id="oc-227">
         <name>.common:sAccel</name>
         <uninitialized>true</uninitialized>
         <run_address>0x21ca</run_address>
         <size>0xa</size>
      </object_component>
      <object_component id="oc-230">
         <name>.common:last_readings</name>
         <uninitialized>true</uninitialized>
         <run_address>0x21dc</run_address>
         <size>0x8</size>
      </object_component>
      <object_component id="oc-231">
         <name>.common:steps</name>
         <uninitialized>true</uninitialized>
         <run_address>0x21f6</run_address>
         <size>0x4</size>
      </object_component>
      <object_component id="oc-233">
         <name>.common:as_ok</name>
         <uninitialized>true</uninitialized>
         <run_address>0x2221</run_address>
         <size>0x1</size>
      </object_component>
      <object_component id="oc-29f">
         <name>.common:sTime</name>
         <uninitialized>true</uninitialized>
         <run_address>0x21bc</run_address>
         <size>0xe</size>
      </object_component>
      <object_component id="oc-29c">
         <name>.common:display</name>
         <uninitialized>true</uninitialized>
         <run_address>0x21fc</run_address>
         <size>0x2</size>
      </object_component>
      <object_component id="oc-2a3">
         <name>.common:int_to_array_str</name>
         <uninitialized>true</uninitialized>
         <run_address>0x21d4</run_address>
         <size>0x8</size>
      </object_component>
      <object_component id="oc-1ea">
         <name>.common:request</name>
         <uninitialized>true</uninitialized>
         <run_address>0x220a</run_address>
         <size>0x2</size>
      </object_component>
      <object_component id="oc-2f2">
         <name>.common:toggle_flag</name>
         <uninitialized>true</uninitialized>
         <run_address>0x221a</run_address>
         <size>0x2</size>
      </object_component>
      <object_component id="oc-14e">
         <name>.common:warmup_menu_flag</name>
         <uninitialized>true</uninitialized>
[...]
      <symbol id="sm-782">
         <name>__mspabi_slll_15</name>
         <value>0xcb40</value>
         <object_component_ref idref="oc-353"/>
      </symbol>
      <symbol id="sm-783">
         <name>__mspabi_slll_14</name>
         <value>0xcb44</value>
         <object_component_ref idref="oc-353"/>
      </symbol>
      <symbol id="sm-784">
         <name>__mspabi_slll_13</name>
         <value>0xcb48</value>
         <object_component_ref idref="oc-353"/>
      </symbol>
      <symbol id="sm-785">
         <name>__mspabi_slll_12</name>
         <value>0xcb4c</value>
         <object_component_ref idref="oc-353"/>
      </symbol>
      <symbol id="sm-786">
         <name>__mspabi_slll_11</name>
         <value>0xcb50</value>
         <object_component_ref idref="oc-353"/>
      </symbol>
      <symbol id="sm-787">
         <name>__mspabi_slll_10</name>
         <value>0xcb54</value>
         <object_component_ref idref="oc-353"/>
      </symbol>
      <symbol id="sm-797">
         <name>__mspabi_srll_8</name>
         <value>0xcb9a</value>
         <object_component_ref idref="oc-358"/>
      </symbol>
      <symbol id="sm-798">
         <name>__mspabi_srll_9</name>
         <value>0xcb96</value>
         <object_component_ref idref="oc-358"/>
      </symbol>
      <symbol id="sm-799">
         <name>__mspabi_srll_6</name>
         <value>0xcba2</value>
         <object_component_ref idref="oc-358"/>
      </symbol>
      <symbol id="sm-79a">
         <name>__mspabi_srll_7</name>
         <value>0xcb9e</value>
         <object_component_ref idref="oc-358"/>
      </symbol>
      <symbol id="sm-79b">
         <name>__mspabi_srll_4</name>
         <value>0xcbaa</value>
         <object_component_ref idref="oc-358"/>
      </symbol>
      <symbol id="sm-79c">
         <name>__mspabi_srll_5</name>
         <value>0xcba6</value>
         <object_component_ref idref="oc-358"/>
      </symbol>
      <symbol id="sm-79d">
         <name>__mspabi_srll_2</name>
         <value>0xcbb2</value>
         <object_component_ref idref="oc-358"/>
      </symbol>
      <symbol id="sm-79e">
         <name>__mspabi_srll_3</name>
         <value>0xcbae</value>
         <object_component_ref idref="oc-358"/>
      </symbol>
      <symbol id="sm-79f">
         <name>__mspabi_srll_1</name>
         <value>0xcbb6</value>
         <object_component_ref idref="oc-358"/>
      </symbol>
      <symbol id="sm-7a0">
         <name>__mspabi_srll_15</name>
         <value>0xcb7e</value>
         <object_component_ref idref="oc-358"/>
      </symbol>
      <symbol id="sm-7a1">
         <name>__mspabi_srll_14</name>
         <value>0xcb82</value>
         <object_component_ref idref="oc-358"/>
      </symbol>
      <symbol id="sm-7a2">
         <name>__mspabi_srll_13</name>
         <value>0xcb86</value>
         <object_component_ref idref="oc-358"/>
      </symbol>
      <symbol id="sm-7a3">
         <name>__mspabi_srll_12</name>
         <value>0xcb8a</value>
         <object_component_ref idref="oc-358"/>
      </symbol>
      <symbol id="sm-7a4">
         <name>__mspabi_srll_11</name>
         <value>0xcb8e</value>
         <object_component_ref idref="oc-358"/>
      </symbol>
      <symbol id="sm-7a5">
         <name>__mspabi_srll_10</name>
         <value>0xcb92</value>
         <object_component_ref idref="oc-358"/>
      </symbol>
      <symbol id="sm-7a6">
         <name>__mspabi_srll</name>
         <value>0xd35a</value>
         <object_component_ref idref="oc-32d"/>
      </symbol>
      <symbol id="sm-7b5">
         <name>memchr</name>
         <value>0xd2ca</value>
         <object_component_ref idref="oc-397"/>
      </symbol>
      <symbol id="sm-7c3">
         <name>memcpy</name>
         <value>0xd316</value>
         <object_component_ref idref="oc-2a5"/>
      </symbol>
      <symbol id="sm-7e4">
         <name>__mspabi_mpyd</name>
         <value>0x8da6</value>
         <object_component_ref idref="oc-256"/>
      </symbol>
      <symbol id="sm-7fa">
         <name>__mspabi_mpyi_f5hw</name>
         <value>0xd2b4</value>
         <object_component_ref idref="oc-335"/>
      </symbol>
      <symbol id="sm-81c">
         <name>__mspabi_mpyl_f5hw</name>
         <value>0xd17e</value>
         <object_component_ref idref="oc-282"/>
      </symbol>
      <symbol id="sm-832">
         <name>_system_pre_init</name>
         <value>0xd40e</value>
         <object_component_ref idref="oc-108"/>
      </symbol>
      <symbol id="sm-850">
         <name>printf</name>
         <value>0xca44</value>
         <object_component_ref idref="oc-28c"/>
      </symbol>
      <symbol id="sm-864">
         <name>__TI_renormd</name>
         <value>0xb56a</value>
         <object_component_ref idref="oc-3dc"/>
      </symbol>
      <symbol id="sm-873">
         <name>strchr</name>
         <value>0xd26c</value>
         <object_component_ref idref="oc-663"/>
      </symbol>
      <symbol id="sm-881">
         <name>strcmp</name>
         <value>0xd286</value>
         <object_component_ref idref="oc-6ac"/>
      </symbol>
      <symbol id="sm-88e">
         <name>strlen</name>
         <value>0xd396</value>
         <object_component_ref idref="oc-391"/>
      </symbol>
      <symbol id="sm-89e">
         <name>strncpy</name>
         <value>0xcfee</value>
         <object_component_ref idref="oc-66c"/>
      </symbol>
      <symbol id="sm-8d9">
         <name>HOSTrename</name>
         <value>0xc0e0</value>
         <object_component_ref idref="oc-53c"/>
      </symbol>
      <symbol id="sm-8da">
         <name>HOSTclose</name>
         <value>0xc8b6</value>
         <object_component_ref idref="oc-51e"/>
      </symbol>
      <symbol id="sm-8db">
         <name>HOSTunlink</name>
         <value>0xc982</value>
         <object_component_ref idref="oc-536"/>
      </symbol>
      <symbol id="sm-8dc">
         <name>HOSTlseek</name>
         <value>0xbc10</value>
         <object_component_ref idref="oc-530"/>
      </symbol>
      <symbol id="sm-8dd">
         <name>HOSTopen</name>
         <value>0xc3ba</value>
         <object_component_ref idref="oc-518"/>
      </symbol>
      <symbol id="sm-8de">
         <name>HOSTwrite</name>
         <value>0xc47e</value>
         <object_component_ref idref="oc-52a"/>
      </symbol>
      <symbol id="sm-8df">
         <name>HOSTread</name>
         <value>0xc4dc</value>
         <object_component_ref idref="oc-524"/>
      </symbol>
      <symbol id="sm-8fd">
         <name>__TI_readmsg</name>
         <value>0xcfc2</value>
         <object_component_ref idref="oc-5ad"/>
      </symbol>
      <symbol id="sm-8fe">
         <name>C$$IO$$</name>
         <value>0xceac</value>
         <object_component_ref idref="oc-5a7"/>
      </symbol>
      <symbol id="sm-8ff">
         <name>_CIOBUF_</name>
         <value>0x1ffc</value>
         <object_component_ref idref="oc-629"/>
      </symbol>
      <symbol id="sm-900">
         <name>__TI_writemsg</name>
         <value>0xce82</value>
         <object_component_ref idref="oc-5a7"/>
      </symbol>
      <symbol id="sm-918">
         <name>__TI_wrt_ok</name>
         <value>0xbe94</value>
         <object_component_ref idref="oc-38b"/>
      </symbol>
      <symbol id="sm-92e">
         <name>_nop</name>
         <value>0xd416</value>
         <object_component_ref idref="oc-2dc"/>
      </symbol>
      <symbol id="sm-92f">
         <name>_lock</name>
         <value>0x1eac</value>
         <object_component_ref idref="oc-1a5"/>
      </symbol>
      <symbol id="sm-930">
         <name>_unlock</name>
         <value>0x1eb0</value>
         <object_component_ref idref="oc-1ae"/>
      </symbol>
      <symbol id="sm-af8">
         <name>__TI_printfi</name>
         <value>0x9ed4</value>
         <object_component_ref idref="oc-370"/>
      </symbol>
      <symbol id="sm-b0a">
         <name>__mspabi_sral</name>
         <value>0xd33a</value>
         <object_component_ref idref="oc-3d7"/>
      </symbol>
      <symbol id="sm-b0b">
         <name>__mspabi_sral_15</name>
         <value>0xcb02</value>
         <object_component_ref idref="oc-3ce"/>
      </symbol>
      <symbol id="sm-b0c">
         <name>__mspabi_sral_14</name>
         <value>0xcb06</value>
         <object_component_ref idref="oc-3ce"/>
      </symbol>
      <symbol id="sm-b0d">
         <name>__mspabi_sral_13</name>
         <value>0xcb0a</value>
         <object_component_ref idref="oc-3ce"/>
      </symbol>
      <symbol id="sm-b0e">
         <name>__mspabi_sral_12</name>
         <value>0xcb0e</value>
         <object_component_ref idref="oc-3ce"/>
      </symbol>
      <symbol id="sm-b0f">
         <name>__mspabi_sral_11</name>
         <value>0xcb12</value>
         <object_component_ref idref="oc-3ce"/>
      </symbol>
      <symbol id="sm-b10">
         <name>__mspabi_sral_10</name>
         <value>0xcb16</value>
         <object_component_ref idref="oc-3ce"/>
      </symbol>
      <symbol id="sm-b11">
         <name>__mspabi_sral_8</name>
         <value>0xcb1e</value>
         <object_component_ref idref="oc-3ce"/>
      </symbol>
      <symbol id="sm-b12">
         <name>__mspabi_sral_9</name>
         <value>0xcb1a</value>
         <object_component_ref idref="oc-3ce"/>
      </symbol>
      <symbol id="sm-b13">
         <name>__mspabi_sral_6</name>
         <value>0xcb26</value>
         <object_component_ref idref="oc-3ce"/>
      </symbol>
      <symbol id="sm-b14">
         <name>__mspabi_sral_7</name>
         <value>0xcb22</value>
         <object_component_ref idref="oc-3ce"/>
      </symbol>
      <symbol id="sm-b15">
         <name>__mspabi_sral_4</name>
         <value>0xcb2e</value>
         <object_component_ref idref="oc-3ce"/>
      </symbol>
      <symbol id="sm-b16">
         <name>__mspabi_sral_5</name>
         <value>0xcb2a</value>
         <object_component_ref idref="oc-3ce"/>
      </symbol>
      <symbol id="sm-b17">
         <name>__mspabi_sral_2</name>
         <value>0xcb36</value>
         <object_component_ref idref="oc-3ce"/>
      </symbol>
      <symbol id="sm-b18">
         <name>__mspabi_sral_3</name>
         <value>0xcb32</value>
         <object_component_ref idref="oc-3ce"/>
      </symbol>
      <symbol id="sm-b19">
         <name>__mspabi_sral_1</name>
         <value>0xcb3a</value>
         <object_component_ref idref="oc-3ce"/>
      </symbol>
      <symbol id="sm-b2c">
         <name>atoi</name>
         <value>0xc692</value>
         <object_component_ref idref="oc-448"/>
      </symbol>
      <symbol id="sm-b47">
         <name>_auto_init_hold_wdt</name>
         <value>0xbd18</value>
         <object_component_ref idref="oc-10e"/>
      </symbol>
      <symbol id="sm-b61">
         <name>__mspabi_cmpd</name>
         <value>0xb21c</value>
         <object_component_ref idref="oc-4ed"/>
      </symbol>
      <symbol id="sm-b6b">
         <name>_ctypes_</name>
         <value>0xd638</value>
         <object_component_ref idref="oc-4b1"/>
      </symbol>
      <symbol id="sm-b7b">
         <name>__TI_tmpnams</name>
         <value>0x211c</value>
      </symbol>
      <symbol id="sm-b7c">
         <name>_ftable</name>
         <value>0x1da8</value>
         <object_component_ref idref="oc-2bb"/>
      </symbol>
      <symbol id="sm-b7d">
         <name>__TI_ft_end</name>
         <value>0x1eb4</value>
         <object_component_ref idref="oc-512"/>
      </symbol>
      <symbol id="sm-baf">
         <name>__mspabi_divull</name>
         <value>0x8452</value>
         <object_component_ref idref="oc-5c8"/>
      </symbol>
      <symbol id="sm-bd0">
         <name>__mspabi_divd</name>
         <value>0x94bc</value>
         <object_component_ref idref="oc-577"/>
      </symbol>
      <symbol id="sm-be1">
         <name>__TI_doflush</name>
         <value>0xc41c</value>
         <object_component_ref idref="oc-39d"/>
      </symbol>
      <symbol id="sm-bee">
         <name>__mspabi_fixdi</name>
         <value>0xd098</value>
         <object_component_ref idref="oc-5e3"/>
      </symbol>
      <symbol id="sm-bfd">
         <name>__mspabi_fixdli</name>
         <value>0xc354</value>
         <object_component_ref idref="oc-5e9"/>
      </symbol>
      <symbol id="sm-c06">
         <name>__mspabi_fltid</name>
         <value>0xd3a4</value>
         <object_component_ref idref="oc-616"/>
      </symbol>
      <symbol id="sm-c1e">
         <name>__mspabi_fltlid</name>
         <value>0xb950</value>
         <object_component_ref idref="oc-5d7"/>
      </symbol>
      <symbol id="sm-c31">
         <name>putc</name>
         <value>0xba72</value>
         <object_component_ref idref="oc-3eb"/>
      </symbol>
      <symbol id="sm-c32">
         <name>fputc</name>
         <value>0xba72</value>
         <object_component_ref idref="oc-3eb"/>
      </symbol>
      <symbol id="sm-c4d">
         <name>__TI_frcdivd</name>
         <value>0x8000</value>
         <object_component_ref idref="oc-5f4"/>
      </symbol>
      <symbol id="sm-c5e">
         <name>__TI_frcmpyd</name>
         <value>0x87ec</value>
         <object_component_ref idref="oc-33d"/>
      </symbol>
      <symbol id="sm-c6a">
         <name>frexp</name>
         <value>0xca04</value>
         <object_component_ref idref="oc-57e"/>
      </symbol>
      <symbol id="sm-c7a">
         <name>fseek</name>
         <value>0xc14a</value>
         <object_component_ref idref="oc-41c"/>
      </symbol>
      <symbol id="sm-c8a">
         <name>ldexp</name>
         <value>0xbc96</value>
         <object_component_ref idref="oc-604"/>
      </symbol>
      <symbol id="sm-c97">
         <name>__mspabi_sllll</name>
         <value>0xcc36</value>
         <object_component_ref idref="oc-632"/>
      </symbol>
      <symbol id="sm-ca4">
         <name>__mspabi_srlll</name>
         <value>0xcc70</value>
         <object_component_ref idref="oc-5c2"/>
      </symbol>
      <symbol id="sm-cb3">
         <name>ltoa</name>
         <value>0xbe18</value>
         <object_component_ref idref="oc-5d1"/>
      </symbol>
      <symbol id="sm-cc2">
         <name>memccpy</name>
         <value>0xd252</value>
         <object_component_ref idref="oc-45c"/>
      </symbol>
      <symbol id="sm-cd0">
         <name>memset</name>
         <value>0xd2de</value>
         <object_component_ref idref="oc-442"/>
      </symbol>
      <symbol id="sm-cd9">
         <name>__mspabi_negd</name>
         <value>0xd01a</value>
         <object_component_ref idref="oc-4cf"/>
      </symbol>
      <symbol id="sm-cf1">
         <name>setvbuf</name>
         <value>0xb49e</value>
         <object_component_ref idref="oc-422"/>
      </symbol>
      <symbol id="sm-cfe">
         <name>strcpy</name>
         <value>0xd36a</value>
         <object_component_ref idref="oc-5b9"/>
      </symbol>
      <symbol id="sm-d07">
         <name>__mspabi_subd</name>
         <value>0xceb0</value>
         <object_component_ref idref="oc-5dd"/>
      </symbol>
      <symbol id="sm-d14">
         <name>toupper</name>
         <value>0xd3b0</value>
         <object_component_ref idref="oc-4c3"/>
      </symbol>
      <symbol id="sm-d22">
         <name>_Dclass</name>
         <value>0xc736</value>
         <object_component_ref idref="oc-4c9"/>
      </symbol>
      <symbol id="sm-d45">
         <name>_Dscale</name>
         <value>0xa270</value>
         <object_component_ref idref="oc-655"/>
      </symbol>
      <symbol id="sm-d57">
         <name>_Dunscale</name>
         <value>0xc06e</value>
         <object_component_ref idref="oc-5fc"/>
      </symbol>
      <symbol id="sm-d63">
         <name>_Feraise</name>
         <value>0xcdbc</value>
         <object_component_ref idref="oc-65b"/>
      </symbol>
      <symbol id="sm-d6a">
         <name>_Rteps</name>
         <value>0x1d10</value>
         <object_component_ref idref="oc-697"/>
      </symbol>
      <symbol id="sm-d6b">
         <name>_Zero</name>
         <value>0x1d28</value>
         <object_component_ref idref="oc-697"/>
      </symbol>
      <symbol id="sm-d6c">
         <name>_Hugeval</name>
         <value>0x1cd0</value>
         <object_component_ref idref="oc-697"/>
      </symbol>
      <symbol id="sm-d6d">
         <name>_Snan</name>
         <value>0x1d00</value>
         <object_component_ref idref="oc-697"/>
      </symbol>
      <symbol id="sm-d6e">
         <name>_Nan</name>
         <value>0x1cf0</value>
         <object_component_ref idref="oc-697"/>
      </symbol>
      <symbol id="sm-d6f">
         <name>_Inf</name>
         <value>0x1ce0</value>
         <object_component_ref idref="oc-697"/>
      </symbol>
      <symbol id="sm-d70">
         <name>_Xbig</name>
         <value>0x1d20</value>
         <object_component_ref idref="oc-697"/>
      </symbol>
      <symbol id="sm-d71">
         <name>_Eps</name>
         <value>0x1cc0</value>
         <object_component_ref idref="oc-697"/>
      </symbol>
      <symbol id="sm-d72">
         <name>_Denorm</name>
         <value>0x1cb0</value>
         <object_component_ref idref="oc-697"/>
      </symbol>
      <symbol id="sm-d7c">
         <name>abs</name>
         <value>0xd3bc</value>
         <object_component_ref idref="oc-63a"/>
      </symbol>
      <symbol id="sm-d83">
         <name>_Errno</name>
         <value>0x1eb6</value>
         <object_component_ref idref="oc-6a2"/>
      </symbol>
      <symbol id="sm-d9b">
         <name>feraiseexcept</name>
         <value>0xce52</value>
         <object_component_ref idref="oc-69c"/>
      </symbol>
      <symbol id="sm-d9c">
         <name>_Tls_setup__Fenv</name>
         <value>0x1ea0</value>
         <object_component_ref idref="oc-6c0"/>
      </symbol>
      <symbol id="sm-d9d">
         <name>_Fenv</name>
         <value>0x1e9c</value>
         <object_component_ref idref="oc-6c0"/>
      </symbol>
      <symbol id="sm-da9">
         <name>__TI_cleanup</name>
         <value>0xcdee</value>
         <object_component_ref idref="oc-485"/>
      </symbol>
      <symbol id="sm-db2">
         <name>__mspabi_slli</name>
         <value>0xd3d0</value>
         <object_component_ref idref="oc-692"/>
      </symbol>
      <symbol id="sm-dbb">
         <name>__mspabi_srli</name>
         <value>0xd3da</value>
         <object_component_ref idref="oc-68d"/>
      </symbol>
      <symbol id="sm-e08">
         <name>_sys_memory</name>
         <value>0x1ebc</value>
         <object_component_ref idref="oc-c9"/>
      </symbol>
      <symbol id="sm-e09">
         <name>free</name>
         <value>0xbd98</value>
         <object_component_ref idref="oc-479"/>
      </symbol>
      <symbol id="sm-e0a">
         <name>malloc</name>
         <value>0xb61c</value>
         <object_component_ref idref="oc-47f"/>
      </symbol>
      <symbol id="sm-e0b">
         <name>minit</name>
         <value>0xcce2</value>
         <object_component_ref idref="oc-505"/>
      </symbol>
      <symbol id="sm-e1f">
         <name>raise</name>
         <value>0xce20</value>
         <object_component_ref idref="oc-6c3"/>
      </symbol>
      <symbol id="sm-e34">
         <name>signal</name>
         <value>0xcd86</value>
         <object_component_ref idref="oc-6da"/>
      </symbol>
      <symbol id="sm-e47">
         <name>_Dnorm</name>
         <value>0xac74</value>
         <object_component_ref idref="oc-64b"/>
      </symbol>
      <symbol id="sm-e58">
         <name>__TI_closefile</name>
         <value>0xc1b4</value>
         <object_component_ref idref="oc-50c"/>
      </symbol>
      <symbol id="sm-e5b">
         <name>__TI_INITARRAY_Base</name>
         <value>0x0</value>
      </symbol>
      <symbol id="sm-e5c">
         <name>__TI_INITARRAY_Limit</name>
         <value>0x0</value>
      </symbol>
      <symbol id="sm-e5d">
         <name>remove</name>
         <value>0xd06e</value>
      </symbol>
   </symbol_table>
   <title>Link successful</title>
</link_info>
